ARM Linker, 5.03 [Build 76] [MDK-ARM Standard]

==============================================================================

Section Cross References

    main.o(.text) refers to delay.o(.text) for delay_init
    main.o(.text) refers to usart3.o(.text) for USART3_Configuration
    main.o(.text) refers to i2c.o(.text) for I2C_INIT
    main.o(.text) refers to 6050.o(.text) for InitMPU6050
    main.o(.text) refers to hmc5883l.o(.text) for initHMC5883
    main.o(.text) refers to clock.o(.text) for TIM3_Int_Init
    main.o(.text) refers to usart3.o(.bss) for Send_data
    system_stm32f4xx.o(.text) refers to system_stm32f4xx.o(.data) for SystemCoreClock
    clock.o(.text) refers to stm32f4xx_rcc.o(.text) for RCC_APB1PeriphClockCmd
    clock.o(.text) refers to stm32f4xx_tim.o(.text) for TIM_TimeBaseInit
    clock.o(.text) refers to misc.o(.text) for NVIC_PriorityGroupConfig
    clock.o(.text) refers to holder.o(.text) for Holder_out
    clock.o(.text) refers to speed_control.o(.text) for Speed_control
    clock.o(.text) refers to prepare_data.o(.text) for Prepare_data_mode5
    clock.o(.text) refers to hmc5883l.o(.text) for HMC5883_read
    clock.o(.text) refers to imu.o(.text) for Get_Attitude
    clock.o(.text) refers to clock.o(.bss) for Car_sys
    clock.o(.text) refers to speed_control.o(.bss) for Target_speed
    prepare_data.o(.text) refers to i2c.o(.text) for Single_Read
    prepare_data.o(.text) refers to 6050.o(.text) for MPU6050_Read
    prepare_data.o(.text) refers to daddsub_clz.o(x$fpl$dadd) for __aeabi_dadd
    prepare_data.o(.text) refers to ddiv.o(x$fpl$ddiv) for __aeabi_ddiv
    prepare_data.o(.text) refers to daddsub_clz.o(x$fpl$dsub) for __aeabi_dsub
    prepare_data.o(.text) refers to dmul.o(x$fpl$dmul) for __aeabi_dmul
    prepare_data.o(.text) refers to clock.o(.bss) for Car_sys
    prepare_data.o(.text) refers to 6050.o(.bss) for mpu6050_buffer
    prepare_data.o(.text) refers to prepare_data.o(.bss) for ACC_X_BUF
    prepare_data.o(.text) refers to prepare_data.o(.data) for filter_cnt
    prepare_data.o(.text) refers to dflt_clz.o(x$fpl$dflt) for __aeabi_i2d
    prepare_data.o(.text) refers to d2f.o(x$fpl$d2f) for __aeabi_d2f
    prepare_data.o(.text) refers to dfix.o(x$fpl$dfix) for __aeabi_d2iz
    prepare_data.o(.text) refers to imu.o(.text) for IMUupdate
    prepare_data.o(.text) refers to hmc5883l.o(.data) for mz
    prepare_data.o(.text) refers to imu.o(.bss) for Q_ANGLE
    prepare_data.o(.text) refers to holder.o(.bss) for Pitch_Hold_Info
    holder.o(.text) refers to f2d.o(x$fpl$f2d) for __aeabi_f2d
    holder.o(.text) refers to dmul.o(x$fpl$dmul) for __aeabi_dmul
    holder.o(.text) refers to d2f.o(x$fpl$d2f) for __aeabi_d2f
    holder.o(.text) refers to stm32f4xx_can.o(.text) for CAN_Transmit
    holder.o(.text) refers to holder.o(.bss) for Pitch_Hold_Info
    holder.o(.text) refers to holder.o(.data) for Pitch_para
    speed_control.o(.text) refers to stm32f4xx_can.o(.text) for CAN_Transmit
    speed_control.o(.text) refers to f2d.o(x$fpl$f2d) for __aeabi_f2d
    speed_control.o(.text) refers to dleqf.o(x$fpl$dleqf) for __aeabi_cdcmple
    speed_control.o(.text) refers to dmul.o(x$fpl$dmul) for __aeabi_dmul
    speed_control.o(.text) refers to d2f.o(x$fpl$d2f) for __aeabi_d2f
    speed_control.o(.text) refers to holder.o(.data) for TransmitMailbox
    speed_control.o(.text) refers to speed_control.o(.bss) for wheel_position
    speed_control.o(.text) refers to speed_control.o(.data) for num
    hmc5883l.o(.text) refers to i2c.o(.text) for Single_Write
    hmc5883l.o(.text) refers to dflt_clz.o(x$fpl$dflt) for __aeabi_i2d
    hmc5883l.o(.text) refers to daddsub_clz.o(x$fpl$dsub) for __aeabi_dsub
    hmc5883l.o(.text) refers to d2f.o(x$fpl$d2f) for __aeabi_d2f
    hmc5883l.o(.text) refers to daddsub_clz.o(x$fpl$dadd) for __aeabi_dadd
    hmc5883l.o(.text) refers to delay.o(.text) for delay_ms
    hmc5883l.o(.text) refers to hmc5883l.o(.data) for HMC5883
    hmc5883l.o(.text) refers to hmc5883l.o(.bss) for X_BUFF
    startup_stm32f40_41xxx.o(STACK) refers (Special) to heapauxi.o(.text) for __use_two_region_memory
    startup_stm32f40_41xxx.o(HEAP) refers (Special) to heapauxi.o(.text) for __use_two_region_memory
    startup_stm32f40_41xxx.o(RESET) refers (Special) to heapauxi.o(.text) for __use_two_region_memory
    startup_stm32f40_41xxx.o(RESET) refers to startup_stm32f40_41xxx.o(STACK) for __initial_sp
    startup_stm32f40_41xxx.o(RESET) refers to startup_stm32f40_41xxx.o(.text) for Reset_Handler
    startup_stm32f40_41xxx.o(RESET) refers to clock.o(.text) for TIM3_IRQHandler
    startup_stm32f40_41xxx.o(.text) refers (Special) to heapauxi.o(.text) for __use_two_region_memory
    startup_stm32f40_41xxx.o(.text) refers to system_stm32f4xx.o(.text) for SystemInit
    startup_stm32f40_41xxx.o(.text) refers to __main.o(!!!main) for __main
    startup_stm32f40_41xxx.o(.text) refers to startup_stm32f40_41xxx.o(HEAP) for Heap_Mem
[...]
    .ARM.Collect$$libinit$$0000001D          0x08000202   Section        0  libinit2.o(.ARM.Collect$$libinit$$0000001D)
    .ARM.Collect$$libinit$$0000001F          0x08000202   Section        0  libinit2.o(.ARM.Collect$$libinit$$0000001F)
    .ARM.Collect$$libinit$$00000021          0x08000202   Section        0  libinit2.o(.ARM.Collect$$libinit$$00000021)
    .ARM.Collect$$libinit$$00000023          0x08000202   Section        0  libinit2.o(.ARM.Collect$$libinit$$00000023)
    .ARM.Collect$$libinit$$0000002A          0x08000202   Section        0  libinit2.o(.ARM.Collect$$libinit$$0000002A)
    .ARM.Collect$$libinit$$0000002C          0x08000202   Section        0  libinit2.o(.ARM.Collect$$libinit$$0000002C)
    .ARM.Collect$$libinit$$0000002E          0x08000202   Section        0  libinit2.o(.ARM.Collect$$libinit$$0000002E)
    .ARM.Collect$$libinit$$00000030          0x08000202   Section        0  libinit2.o(.ARM.Collect$$libinit$$00000030)
    .ARM.Collect$$libinit$$00000031          0x08000202   Section        2  libinit2.o(.ARM.Collect$$libinit$$00000031)
    .ARM.Collect$$libshutdown$$00000000      0x08000204   Section        2  libshutdown.o(.ARM.Collect$$libshutdown$$00000000)
    .ARM.Collect$$libshutdown$$00000003      0x08000206   Section        0  libshutdown2.o(.ARM.Collect$$libshutdown$$00000003)
    .ARM.Collect$$libshutdown$$00000006      0x08000206   Section        0  libshutdown2.o(.ARM.Collect$$libshutdown$$00000006)
    .ARM.Collect$$libshutdown$$00000009      0x08000206   Section        0  libshutdown2.o(.ARM.Collect$$libshutdown$$00000009)
    .ARM.Collect$$libshutdown$$0000000B      0x08000206   Section        0  libshutdown2.o(.ARM.Collect$$libshutdown$$0000000B)
    .ARM.Collect$$libshutdown$$0000000E      0x08000206   Section        0  libshutdown2.o(.ARM.Collect$$libshutdown$$0000000E)
    .ARM.Collect$$libshutdown$$0000000F      0x08000206   Section        2  libshutdown2.o(.ARM.Collect$$libshutdown$$0000000F)
    .ARM.Collect$$rtentry$$00000000          0x08000208   Section        0  rtentry.o(.ARM.Collect$$rtentry$$00000000)
    .ARM.Collect$$rtentry$$00000002          0x08000208   Section        0  rtentry2.o(.ARM.Collect$$rtentry$$00000002)
    .ARM.Collect$$rtentry$$00000004          0x08000208   Section        6  rtentry4.o(.ARM.Collect$$rtentry$$00000004)
    .ARM.Collect$$rtentry$$00000009          0x0800020e   Section        0  rtentry2.o(.ARM.Collect$$rtentry$$00000009)
    .ARM.Collect$$rtentry$$0000000A          0x0800020e   Section        4  rtentry2.o(.ARM.Collect$$rtentry$$0000000A)
    .ARM.Collect$$rtentry$$0000000C          0x08000212   Section        0  rtentry2.o(.ARM.Collect$$rtentry$$0000000C)
    .ARM.Collect$$rtentry$$0000000D          0x08000212   Section        8  rtentry2.o(.ARM.Collect$$rtentry$$0000000D)
    .ARM.Collect$$rtexit$$00000000           0x0800021a   Section        2  rtexit.o(.ARM.Collect$$rtexit$$00000000)
    .ARM.Collect$$rtexit$$00000002           0x0800021c   Section        0  rtexit2.o(.ARM.Collect$$rtexit$$00000002)
    .ARM.Collect$$rtexit$$00000003           0x0800021c   Section        4  rtexit2.o(.ARM.Collect$$rtexit$$00000003)
    .ARM.Collect$$rtexit$$00000004           0x08000220   Section        6  rtexit2.o(.ARM.Collect$$rtexit$$00000004)
    .text                                    0x08000228   Section        0  main.o(.text)
    .text                                    0x0800025c   Section        0  system_stm32f4xx.o(.text)
    SetSysClock                              0x0800025d   Thumb Code   218  system_stm32f4xx.o(.text)
    .text                                    0x0800046c   Section        0  clock.o(.text)
    .text                                    0x08000584   Section        0  prepare_data.o(.text)
    KalmanFilter_z                           0x080007e5   Thumb Code   304  prepare_data.o(.text)
    KalmanFilter_y                           0x08000915   Thumb Code   388  prepare_data.o(.text)
    KalmanFilter_x                           0x08000a99   Thumb Code   304  prepare_data.o(.text)
    .text                                    0x080010c8   Section        0  holder.o(.text)
    .text                                    0x0800136c   Section        0  speed_control.o(.text)
    .text                                    0x08001824   Section        0  hmc5883l.o(.text)
    .text                                    0x08001aa4   Section       64  startup_stm32f40_41xxx.o(.text)
    $v0                                      0x08001aa4   Number         0  startup_stm32f40_41xxx.o(.text)
    .text                                    0x08001ae4   Section        0  misc.o(.text)
    .text                                    0x08001bc8   Section        0  stm32f4xx_can.o(.text)
    CheckITStatus                            0x080023cb   Thumb Code    16  stm32f4xx_can.o(.text)
    .text                                    0x080025b4   Section        0  stm32f4xx_dma.o(.text)
    .text                                    0x08002958   Section        0  stm32f4xx_gpio.o(.text)
    .text                                    0x08002bec   Section        0  stm32f4xx_rcc.o(.text)
    .text                                    0x08003248   Section        0  stm32f4xx_tim.o(.text)
    TI4_Config                               0x080039e7   Thumb Code    80  stm32f4xx_tim.o(.text)
    TI3_Config                               0x08003a49   Thumb Code    72  stm32f4xx_tim.o(.text)
    TI2_Config                               0x08003aab   Thumb Code    90  stm32f4xx_tim.o(.text)
    TI1_Config                               0x08003b17   Thumb Code    58  stm32f4xx_tim.o(.text)
    .text                                    0x08003eec   Section        0  stm32f4xx_usart.o(.text)
    .text                                    0x08004340   Section        0  usart3.o(.text)
    .text                                    0x0800469c   Section        0  i2c.o(.text)
    .text                                    0x08004970   Section        0  6050.o(.text)
    .text                                    0x08004ba0   Section        0  delay.o(.text)
    .text                                    0x08004ca0   Section        0  imu.o(.text)
    .text                                    0x0800566c   Section        0  heapauxi.o(.text)
    .text                                    0x08005672   Section        0  _rserrno.o(.text)
    .text                                    0x08005688   Section        8  rt_errno_addr_intlibspace.o(.text)
    .text                                    0x08005690   Section        8  libspace.o(.text)
    .text                                    0x08005698   Section       74  sys_stackheap_outer.o(.text)
    .text                                    0x080056e2   Section        0  exit.o(.text)
    .text                                    0x080056f0   Section        0  sys_exit.o(.text)
    .text                                    0x080056fc   Section        2  use_no_semi.o(.text)
    .text                                    0x080056fe   Section        0  indicate_semi.o(.text)
    i.__ARM_fpclassify                       0x080056fe   Section        0  fpclassify.o(i.__ARM_fpclassify)
    i.__hardfp_asin                          0x08005730   Section        0  asin.o(i.__hardfp_asin)
    i.__hardfp_atan                          0x08005aa0   Section        0  atan.o(i.__hardfp_atan)
    i.__hardfp_atan2                         0x08005d88   Section        0  atan2.o(i.__hardfp_atan2)
    i.__hardfp_sqrt                          0x08005f68   Section        0  sqrt.o(i.__hardfp_sqrt)
    i.__kernel_poly                          0x08005fe2   Section        0  poly.o(i.__kernel_poly)
    i.__mathlib_dbl_underflow                0x080060e0   Section        0  dunder.o(i.__mathlib_dbl_underflow)
    i.atan                                   0x08006100   Section        0  atan.o(i.atan)
    i.fabs                                   0x08006110   Section        0  fabs.o(i.fabs)
    i.sqrt                                   0x08006130   Section        0  sqrt.o(i.sqrt)
    x$fpl$basic                              0x0800619e   Section       24  basic.o(x$fpl$basic)
    $v0                                      0x0800619e   Number         0  basic.o(x$fpl$basic)
    x$fpl$d2f                                0x080061b8   Section       98  d2f.o(x$fpl$d2f)
    $v0                                      0x080061b8   Number         0  d2f.o(x$fpl$d2f)
    x$fpl$dadd                               0x0800621c   Section      336  daddsub_clz.o(x$fpl$dadd)
    $v0                                      0x0800621c   Number         0  daddsub_clz.o(x$fpl$dadd)
    _dadd1                                   0x0800622d   Thumb Code     0  daddsub_clz.o(x$fpl$dadd)
    x$fpl$dcmpinf                            0x0800636c   Section       24  dcmpi.o(x$fpl$dcmpinf)
    $v0                                      0x0800636c   Number         0  dcmpi.o(x$fpl$dcmpinf)
    x$fpl$ddiv                               0x08006384   Section      688  ddiv.o(x$fpl$ddiv)
    $v0                                      0x08006384   Number         0  ddiv.o(x$fpl$ddiv)
    ddiv_entry                               0x0800638b   Thumb Code     0  ddiv.o(x$fpl$ddiv)
    x$fpl$dfix                               0x08006634   Section       94  dfix.o(x$fpl$dfix)
    $v0                                      0x08006634   Number         0  dfix.o(x$fpl$dfix)
    x$fpl$dflt                               0x08006692   Section       46  dflt_clz.o(x$fpl$dflt)
    $v0                                      0x08006692   Number         0  dflt_clz.o(x$fpl$dflt)
    x$fpl$dleqf                              0x080066c0   Section      120  dleqf.o(x$fpl$dleqf)
    $v0                                      0x080066c0   Number         0  dleqf.o(x$fpl$dleqf)
    x$fpl$dmul                               0x08006738   Section      340  dmul.o(x$fpl$dmul)
    $v0                                      0x08006738   Number         0  dmul.o(x$fpl$dmul)
    x$fpl$dnaninf                            0x0800688c   Section      156  dnaninf.o(x$fpl$dnaninf)
    $v0                                      0x0800688c   Number         0  dnaninf.o(x$fpl$dnaninf)
    x$fpl$dretinf                            0x08006928   Section       12  dretinf.o(x$fpl$dretinf)
    $v0                                      0x08006928   Number         0  dretinf.o(x$fpl$dretinf)
    x$fpl$drsb                               0x08006934   Section       22  daddsub_clz.o(x$fpl$drsb)
    $v0                                      0x08006934   Number         0  daddsub_clz.o(x$fpl$drsb)
    x$fpl$dsqrt                              0x0800694c   Section      408  dsqrt_umaal.o(x$fpl$dsqrt)
    $v0                                      0x0800694c   Number         0  dsqrt_umaal.o(x$fpl$dsqrt)
    x$fpl$dsub                               0x08006ae4   Section      468  daddsub_clz.o(x$fpl$dsub)
    $v0                                      0x08006ae4   Number         0  daddsub_clz.o(x$fpl$dsub)
    _dsub1                                   0x08006af5   Thumb Code     0  daddsub_clz.o(x$fpl$dsub)
    x$fpl$f2d                                0x08006cb8   Section       86  f2d.o(x$fpl$f2d)
    $v0                                      0x08006cb8   Number         0  f2d.o(x$fpl$f2d)
    x$fpl$fnaninf                            0x08006d0e   Section      140  fnaninf.o(x$fpl$fnaninf)
    $v0                                      0x08006d0e   Number         0  fnaninf.o(x$fpl$fnaninf)
    x$fpl$fpinit                             0x08006d9a   Section       10  fpinit.o(x$fpl$fpinit)
    $v0                                      0x08006d9a   Number         0  fpinit.o(x$fpl$fpinit)
    x$fpl$fretinf                            0x08006da4   Section       10  fretinf.o(x$fpl$fretinf)
    $v0                                      0x08006da4   Number         0  fretinf.o(x$fpl$fretinf)
    x$fpl$usenofp                            0x08006dae   Section        0  usenofp.o(x$fpl$usenofp)
    .constdata                               0x08006db0   Section       80  asin.o(.constdata)
    pS                                       0x08006db0   Data          48  asin.o(.constdata)
    qS                                       0x08006de0   Data          32  asin.o(.constdata)
    .constdata                               0x08006e00   Section      152  atan.o(.constdata)
    atanhi                                   0x08006e00   Data          32  atan.o(.constdata)
    atanlo                                   0x08006e20   Data          32  atan.o(.constdata)
    aTodd                                    0x08006e40   Data          40  atan.o(.constdata)
    aTeven                                   0x08006e68   Data          48  atan.o(.constdata)
    .constdata                               0x08006e98   Section        8  qnan.o(.constdata)
    .data                                    0x20000000   Section       20  system_stm32f4xx.o(.data)
    .data                                    0x20000018   Section       68  prepare_data.o(.data)
    num                                      0x20000018   Data           4  prepare_data.o(.data)
    filter_cnt                               0x2000001c   Data           1  prepare_data.o(.data)
    num                                      0x2000001d   Data           1  prepare_data.o(.data)
    z_num                                    0x2000001e   Data           1  prepare_data.o(.data)
    x_last                                   0x20000020   Data           8  prepare_data.o(.data)
    p_last                                   0x20000028   Data           8  prepare_data.o(.data)
    x_last                                   0x20000030   Data           8  prepare_data.o(.data)
    p_last                                   0x20000038   Data           8  prepare_data.o(.data)
    x_last                                   0x20000040   Data           8  prepare_data.o(.data)
    p_last                                   0x20000048   Data           8  prepare_data.o(.data)
    .data                                    0x2000005c   Section       49  holder.o(.data)
    .data                                    0x20000090   Section       29  speed_control.o(.data)
    num                                      0x200000ac   Data           1  speed_control.o(.data)
    .data                                    0x200000b0   Section       44  hmc5883l.o(.data)
    filter_cnt                               0x200000c8   Data           1  hmc5883l.o(.data)
    .data                                    0x200000dc   Section       16  stm32f4xx_rcc.o(.data)
    APBAHBPrescTable                         0x200000dc   Data          16  stm32f4xx_rcc.o(.data)
    .data                                    0x200000ec   Section       14  usart3.o(.data)
    .data                                    0x200000fa   Section        4  delay.o(.data)
    fac_us                                   0x200000fa   Data           1  delay.o(.data)
    fac_ms                                   0x200000fc   Data           2  delay.o(.data)
    .data                                    0x20000100   Section       28  imu.o(.data)
    .bss                                     0x2000011c   Section       12  clock.o(.bss)
    .bss                                     0x20000128   Section      300  prepare_data.o(.bss)
    .bss                                     0x20000254   Section       80  holder.o(.bss)
    .bss                                     0x200002a4   Section      256  speed_control.o(.bss)
    speed_error                              0x200002b4   Data          32  speed_control.o(.bss)
    .bss                                     0x200003a4   Section      600  hmc5883l.o(.bss)
    .bss                                     0x200005fc   Section       48  usart3.o(.bss)
    .bss                                     0x2000062c   Section       92  6050.o(.bss)
    .bss                                     0x20000688   Section       24  imu.o(.bss)
    .bss                                     0x200006a0   Section       96  libspace.o(.bss)
    HEAP                                     0x20000700   Section     2048  startup_stm32f40_41xxx.o(HEAP)
    Heap_Mem                                 0x20000700   Data        2048  startup_stm32f40_41xxx.o(HEAP)
    STACK                                    0x20000f00   Section     2048  startup_stm32f40_41xxx.o(STACK)
    Stack_Mem                                0x20000f00   Data        2048  startup_stm32f40_41xxx.o(STACK)
    __initial_sp                             0x20001700   Data           0  startup_stm32f40_41xxx.o(STACK)

    Global Symbols

    Symbol Name                              Value     Ov Type        Size  Object(Section)

    BuildAttributes$$THM_ISAv4$E$P$D$K$B$S$7EM$VFPi3$EXTD16$VFPS$VFMA$PE$A:L22UL41UL21$X:L11$S22US41US21$IEEE1$IW$USESV6$~STKCKD$USESV7$~SHL$OTIME$ROPI$IEEEX$EBA8$UX$STANDARDLIB$REQ8$PRES8$EABIv2 0x00000000   Number         0  anon$$obj.o ABSOLUTE
    __ARM_use_no_argv                        0x00000000   Number         0  main.o ABSOLUTE
    __ARM_exceptions_init                     - Undefined Weak Reference
    __alloca_initialize                       - Undefined Weak Reference
    __cpp_initialize__aeabi_                  - Undefined Weak Reference
    __cxa_finalize                            - Undefined Weak Reference
    __rt_locale                               - Undefined Weak Reference
    __sigvec_lookup                           - Undefined Weak Reference
    _atexit_init                              - Undefined Weak Reference
    _call_atexit_fns                          - Undefined Weak Reference
    _clock_init                               - Undefined Weak Reference
    _fp_trap_init                             - Undefined Weak Reference
    _fp_trap_shutdown                         - Undefined Weak Reference
    _get_lc_collate                           - Undefined Weak Reference
    _get_lc_ctype                             - Undefined Weak Reference
    _get_lc_monetary                          - Undefined Weak Reference
    _get_lc_numeric                           - Undefined Weak Reference
    _get_lc_time                              - Undefined Weak Reference
    _getenv_init                              - Undefined Weak Reference
    _handle_redirection                       - Undefined Weak Reference
    _init_alloc                               - Undefined Weak Reference
    _init_user_alloc                          - Undefined Weak Reference
    _initio                                   - Undefined Weak Reference
    _rand_init                                - Undefined Weak Reference
    _signal_finish                            - Undefined Weak Reference
    _signal_init                              - Undefined Weak Reference
    _terminate_alloc                          - Undefined Weak Reference
    _terminate_user_alloc                     - Undefined Weak Reference
    _terminateio                              - Undefined Weak Reference
    __Vectors_Size                           0x00000188   Number         0  startup_stm32f40_41xxx.o ABSOLUTE
    __Vectors                                0x08000000   Data           4  startup_stm32f40_41xxx.o(RESET)
    __Vectors_End                            0x08000188   Data           0  startup_stm32f40_41xxx.o(RESET)
    __main                                   0x08000189   Thumb Code     8  __main.o(!!!main)
    __scatterload                            0x08000191   Thumb Code     0  __scatter.o(!!!scatter)
    __scatterload_rt2                        0x08000191   Thumb Code    44  __scatter.o(!!!scatter)
    __scatterload_rt2_thumb_only             0x08000191   Thumb Code     0  __scatter.o(!!!scatter)
    __scatterload_null                       0x0800019f   Thumb Code     0  __scatter.o(!!!scatter)
    __scatterload_copy                       0x080001c5   Thumb Code    26  __scatter_copy.o(!!handler_copy)
    __scatterload_zeroinit                   0x080001e1   Thumb Code    28  __scatter_zi.o(!!handler_zi)
    __rt_lib_init                            0x080001fd   Thumb Code     0  libinit.o(.ARM.Collect$$libinit$$00000000)
    __rt_lib_init_fp_1                       0x080001ff   Thumb Code     0  libinit2.o(.ARM.Collect$$libinit$$00000001)
    __rt_lib_init_alloca_1                   0x08000203   Thumb Code     0  libinit2.o(.ARM.Collect$$libinit$$0000002C)
    __rt_lib_init_argv_1                     0x08000203   Thumb Code     0  libinit2.o(.ARM.Collect$$libinit$$0000002A)
    __rt_lib_init_atexit_1                   0x08000203   Thumb Code     0  libinit2.o(.ARM.Collect$$libinit$$00000019)
    __rt_lib_init_clock_1                    0x08000203   Thumb Code     0  libinit2.o(.ARM.Collect$$libinit$$0000001F)
    __rt_lib_init_cpp_1                      0x08000203   Thumb Code     0  libinit2.o(.ARM.Collect$$libinit$$00000030)
    __rt_lib_init_exceptions_1               0x08000203   Thumb Code     0  libinit2.o(.ARM.Collect$$libinit$$0000002E)
    __rt_lib_init_fp_trap_1                  0x08000203   Thumb Code     0  libinit2.o(.ARM.Collect$$libinit$$0000001D)
    __rt_lib_init_getenv_1                   0x08000203   Thumb Code     0  libinit2.o(.ARM.Collect$$libinit$$00000021)
    __rt_lib_init_heap_1                     0x08000203   Thumb Code     0  libinit2.o(.ARM.Collect$$libinit$$00000008)
    __rt_lib_init_lc_collate_1               0x08000203   Thumb Code     0  libinit2.o(.ARM.Collect$$libinit$$0000000F)
    __rt_lib_init_lc_ctype_1                 0x08000203   Thumb Code     0  libinit2.o(.ARM.Collect$$libinit$$00000011)
    __rt_lib_init_lc_monetary_1              0x08000203   Thumb Code     0  libinit2.o(.ARM.Collect$$libinit$$00000013)
    __rt_lib_init_lc_numeric_1               0x08000203   Thumb Code     0  libinit2.o(.ARM.Collect$$libinit$$00000015)
    __rt_lib_init_lc_time_1                  0x08000203   Thumb Code     0  libinit2.o(.ARM.Collect$$libinit$$00000017)
    __rt_lib_init_rand_1                     0x08000203   Thumb Code     0  libinit2.o(.ARM.Collect$$libinit$$0000000C)
    __rt_lib_init_return                     0x08000203   Thumb Code     0  libinit2.o(.ARM.Collect$$libinit$$00000031)
    __rt_lib_init_signal_1                   0x08000203   Thumb Code     0  libinit2.o(.ARM.Collect$$libinit$$0000001B)
    __rt_lib_init_stdio_1                    0x08000203   Thumb Code     0  libinit2.o(.ARM.Collect$$libinit$$00000023)
    __rt_lib_init_user_alloc_1               0x08000203   Thumb Code     0  libinit2.o(.ARM.Collect$$libinit$$0000000A)
    __rt_lib_shutdown                        0x08000205   Thumb Code     0  libshutdown.o(.ARM.Collect$$libshutdown$$00000000)
    __rt_lib_shutdown_fp_trap_1              0x08000207   Thumb Code     0  libshutdown2.o(.ARM.Collect$$libshutdown$$00000006)
    __rt_lib_shutdown_heap_1                 0x08000207   Thumb Code     0  libshutdown2.o(.ARM.Collect$$libshutdown$$0000000E)
    __rt_lib_shutdown_return                 0x08000207   Thumb Code     0  libshutdown2.o(.ARM.Collect$$libshutdown$$0000000F)
    __rt_lib_shutdown_signal_1               0x08000207   Thumb Code     0  libshutdown2.o(.ARM.Collect$$libshutdown$$00000009)
    __rt_lib_shutdown_stdio_1                0x08000207   Thumb Code     0  libshutdown2.o(.ARM.Collect$$libshutdown$$00000003)
    __rt_lib_shutdown_user_alloc_1           0x08000207   Thumb Code     0  libshutdown2.o(.ARM.Collect$$libshutdown$$0000000B)
    __rt_entry                               0x08000209   Thumb Code     0  rtentry.o(.ARM.Collect$$rtentry$$00000000)
    __rt_entry_presh_1                       0x08000209   Thumb Code     0  rtentry2.o(.ARM.Collect$$rtentry$$00000002)
    __rt_entry_sh                            0x08000209   Thumb Code     0  rtentry4.o(.ARM.Collect$$rtentry$$00000004)
    __rt_entry_li                            0x0800020f   Thumb Code     0  rtentry2.o(.ARM.Collect$$rtentry$$0000000A)
    __rt_entry_postsh_1                      0x0800020f   Thumb Code     0  rtentry2.o(.ARM.Collect$$rtentry$$00000009)
    __rt_entry_main                          0x08000213   Thumb Code     0  rtentry2.o(.ARM.Collect$$rtentry$$0000000D)
    __rt_entry_postli_1                      0x08000213   Thumb Code     0  rtentry2.o(.ARM.Collect$$rtentry$$0000000C)
    __rt_exit                                0x0800021b   Thumb Code     0  rtexit.o(.ARM.Collect$$rtexit$$00000000)
    __rt_exit_ls                             0x0800021d   Thumb Code     0  rtexit2.o(.ARM.Collect$$rtexit$$00000003)
    __rt_exit_prels_1                        0x0800021d   Thumb Code     0  rtexit2.o(.ARM.Collect$$rtexit$$00000002)
    __rt_exit_exit                           0x08000221   Thumb Code     0  rtexit2.o(.ARM.Collect$$rtexit$$00000004)
    main                                     0x08000229   Thumb Code    48  main.o(.text)
    SystemInit                               0x08000337   Thumb Code    90  system_stm32f4xx.o(.text)
    SystemCoreClockUpdate                    0x08000391   Thumb Code   174  system_stm32f4xx.o(.text)
    TIM3_Int_Init                            0x0800046d   Thumb Code    98  clock.o(.text)
    TIM3_IRQHandler                          0x080004cf   Thumb Code   158  clock.o(.text)
    Prepare_data_mode4                       0x08000585   Thumb Code   608  prepare_data.o(.text)
    Prepare_data_mode5                       0x08000bc9   Thumb Code  1006  prepare_data.o(.text)
    Update_Sensor_data                       0x08000fb7   Thumb Code   212  prepare_data.o(.text)
    Pitch_pid_cal                            0x080010c9   Thumb Code   212  holder.o(.text)
    Yaw_pid_cal                              0x0800119d   Thumb Code   196  holder.o(.text)
    Holder_out                               0x08001261   Thumb Code   220  holder.o(.text)
    Speed_read                               0x0800136d   Thumb Code     2  speed_control.o(.text)
    Wheel_out                                0x0800136f   Thumb Code   274  speed_control.o(.text)
    Speed_control                            0x08001481   Thumb Code   854  speed_control.o(.text)
    initHMC5883                              0x08001825   Thumb Code    34  hmc5883l.o(.text)
    HMC5883_read                             0x08001847   Thumb Code   376  hmc5883l.o(.text)
    SelfTest                                 0x080019bf   Thumb Code   176  hmc5883l.o(.text)
    Reset_Handler                            0x08001aa5   Thumb Code     8  startup_stm32f40_41xxx.o(.text)
    NMI_Handler                              0x08001aad   Thumb Code     2  startup_stm32f40_41xxx.o(.text)
    HardFault_Handler                        0x08001aaf   Thumb Code     2  startup_stm32f40_41xxx.o(.text)
    MemManage_Handler                        0x08001ab1   Thumb Code     2  startup_stm32f40_41xxx.o(.text)
    BusFault_Handler                         0x08001ab3   Thumb Code     2  startup_stm32f40_41xxx.o(.text)
    UsageFault_Handler                       0x08001ab5   Thumb Code     2  startup_stm32f40_41xxx.o(.text)
    SVC_Handler                              0x08001ab7   Thumb Code     2  startup_stm32f40_41xxx.o(.text)
    DebugMon_Handler                         0x08001ab9   Thumb Code     2  startup_stm32f40_41xxx.o(.text)
    PendSV_Handler                           0x08001abb   Thumb Code     2  startup_stm32f40_41xxx.o(.text)
    SysTick_Handler                          0x08001abd   Thumb Code     2  startup_stm32f40_41xxx.o(.text)
    ADC_IRQHandler                           0x08001abf   Thumb Code     0  startup_stm32f40_41xxx.o(.text)
    CAN1_RX0_IRQHandler                      0x08001abf   Thumb Code     0  startup_stm32f40_41xxx.o(.text)
    CAN1_RX1_IRQHandler                      0x08001abf   Thumb Code     0  startup_stm32f40_41xxx.o(.text)
    CAN1_SCE_IRQHandler                      0x08001abf   Thumb Code     0  startup_stm32f40_41xxx.o(.text)
    CAN1_TX_IRQHandler                       0x08001abf   Thumb Code     0  startup_stm32f40_41xxx.o(.text)
    CAN2_RX0_IRQHandler                      0x08001abf   Thumb Code     0  startup_stm32f40_41xxx.o(.text)
    CAN2_RX1_IRQHandler                      0x08001abf   Thumb Code     0  startup_stm32f40_41xxx.o(.text)
    CAN2_SCE_IRQHandler                      0x08001abf   Thumb Code     0  startup_stm32f40_41xxx.o(.text)
    CAN2_TX_IRQHandler                       0x08001abf   Thumb Code     0  startup_stm32f40_41xxx.o(.text)
    CRYP_IRQHandler                          0x08001abf   Thumb Code     0  startup_stm32f40_41xxx.o(.text)
    DCMI_IRQHandler                          0x08001abf   Thumb Code     0  startup_stm32f40_41xxx.o(.text)
    DMA1_Stream0_IRQHandler                  0x08001abf   Thumb Code     0  startup_stm32f40_41xxx.o(.text)
    DMA1_Stream1_IRQHandler                  0x08001abf   Thumb Code     0  startup_stm32f40_41xxx.o(.text)
    DMA1_Stream2_IRQHandler                  0x08001abf   Thumb Code     0  startup_stm32f40_41xxx.o(.text)
    DMA1_Stream3_IRQHandler                  0x08001abf   Thumb Code     0  startup_stm32f40_41xxx.o(.text)
    DMA1_Stream4_IRQHandler                  0x08001abf   Thumb Code     0  startup_stm32f40_41xxx.o(.text)
    DMA1_Stream5_IRQHandler                  0x08001abf   Thumb Code     0  startup_stm32f40_41xxx.o(.text)
    DMA1_Stream6_IRQHandler                  0x08001abf   Thumb Code     0  startup_stm32f40_41xxx.o(.text)
    DMA1_Stream7_IRQHandler                  0x08001abf   Thumb Code     0  startup_stm32f40_41xxx.o(.text)
    DMA2_Stream0_IRQHandler                  0x08001abf   Thumb Code     0  startup_stm32f40_41xxx.o(.text)
    DMA2_Stream1_IRQHandler                  0x08001abf   Thumb Code     0  startup_stm32f40_41xxx.o(.text)
    DMA2_Stream2_IRQHandler                  0x08001abf   Thumb Code     0  startup_stm32f40_41xxx.o(.text)
    DMA2_Stream3_IRQHandler                  0x08001abf   Thumb Code     0  startup_stm32f40_41xxx.o(.text)
    DMA2_Stream4_IRQHandler                  0x08001abf   Thumb Code     0  startup_stm32f40_41xxx.o(.text)
    DMA2_Stream5_IRQHandler                  0x08001abf   Thumb Code     0  startup_stm32f40_41xxx.o(.text)
    DMA2_Stream6_IRQHandler                  0x08001abf   Thumb Code     0  startup_stm32f40_41xxx.o(.text)
    DMA2_Stream7_IRQHandler                  0x08001abf   Thumb Code     0  startup_stm32f40_41xxx.o(.text)
    ETH_IRQHandler                           0x08001abf   Thumb Code     0  startup_stm32f40_41xxx.o(.text)
    ETH_WKUP_IRQHandler                      0x08001abf   Thumb Code     0  startup_stm32f40_41xxx.o(.text)
    EXTI0_IRQHandler                         0x08001abf   Thumb Code     0  startup_stm32f40_41xxx.o(.text)
    EXTI15_10_IRQHandler                     0x08001abf   Thumb Code     0  startup_stm32f40_41xxx.o(.text)
    EXTI1_IRQHandler                         0x08001abf   Thumb Code     0  startup_stm32f40_41xxx.o(.text)
    EXTI2_IRQHandler                         0x08001abf   Thumb Code     0  startup_stm32f40_41xxx.o(.text)
    EXTI3_IRQHandler                         0x08001abf   Thumb Code     0  startup_stm32f40_41xxx.o(.text)
    EXTI4_IRQHandler                         0x08001abf   Thumb Code     0  startup_stm32f40_41xxx.o(.text)
    EXTI9_5_IRQHandler                       0x08001abf   Thumb Code     0  startup_stm32f40_41xxx.o(.text)
    FLASH_IRQHandler                         0x08001abf   Thumb Code     0  startup_stm32f40_41xxx.o(.text)
    FPU_IRQHandler                           0x08001abf   Thumb Code     0  startup_stm32f40_41xxx.o(.text)
    FSMC_IRQHandler                          0x08001abf   Thumb Code     0  startup_stm32f40_41xxx.o(.text)
    HASH_RNG_IRQHandler                      0x08001abf   Thumb Code     0  startup_stm32f40_41xxx.o(.text)
    I2C1_ER_IRQHandler                       0x08001abf   Thumb Code     0  startup_stm32f40_41xxx.o(.text)
    I2C1_EV_IRQHandler                       0x08001abf   Thumb Code     0  startup_stm32f40_41xxx.o(.text)
    I2C2_ER_IRQHandler                       0x08001abf   Thumb Code     0  startup_stm32f40_41xxx.o(.text)
    I2C2_EV_IRQHandler                       0x08001abf   Thumb Code     0  startup_stm32f40_41xxx.o(.text)
    I2C3_ER_IRQHandler                       0x08001abf   Thumb Code     0  startup_stm32f40_41xxx.o(.text)
    I2C3_EV_IRQHandler                       0x08001abf   Thumb Code     0  startup_stm32f40_41xxx.o(.text)
    OTG_FS_IRQHandler                        0x08001abf   Thumb Code     0  startup_stm32f40_41xxx.o(.text)
    OTG_FS_WKUP_IRQHandler                   0x08001abf   Thumb Code     0  startup_stm32f40_41xxx.o(.text)
    OTG_HS_EP1_IN_IRQHandler                 0x08001abf   Thumb Code     0  startup_stm32f40_41xxx.o(.text)
    OTG_HS_EP1_OUT_IRQHandler                0x08001abf   Thumb Code     0  startup_stm32f40_41xxx.o(.text)
    OTG_HS_IRQHandler                        0x08001abf   Thumb Code     0  startup_stm32f40_41xxx.o(.text)
    OTG_HS_WKUP_IRQHandler                   0x08001abf   Thumb Code     0  startup_stm32f40_41xxx.o(.text)
    PVD_IRQHandler                           0x08001abf   Thumb Code     0  startup_stm32f40_41xxx.o(.text)
    RCC_IRQHandler                           0x08001abf   Thumb Code     0  startup_stm32f40_41xxx.o(.text)
    RTC_Alarm_IRQHandler                     0x08001abf   Thumb Code     0  startup_stm32f40_41xxx.o(.text)
    RTC_WKUP_IRQHandler                      0x08001abf   Thumb Code     0  startup_stm32f40_41xxx.o(.text)
    SDIO_IRQHandler                          0x08001abf   Thumb Code     0  startup_stm32f40_41xxx.o(.text)
    SPI1_IRQHandler                          0x08001abf   Thumb Code     0  startup_stm32f40_41xxx.o(.text)
    SPI2_IRQHandler                          0x08001abf   Thumb Code     0  startup_stm32f40_41xxx.o(.text)
    SPI3_IRQHandler                          0x08001abf   Thumb Code     0  startup_stm32f40_41xxx.o(.text)
    TAMP_STAMP_IRQHandler                    0x08001abf   Thumb Code     0  startup_stm32f40_41xxx.o(.text)
    TIM1_BRK_TIM9_IRQHandler                 0x08001abf   Thumb Code     0  startup_stm32f40_41xxx.o(.text)
    TIM1_CC_IRQHandler                       0x08001abf   Thumb Code     0  startup_stm32f40_41xxx.o(.text)
    TIM1_TRG_COM_TIM11_IRQHandler            0x08001abf   Thumb Code     0  startup_stm32f40_41xxx.o(.text)
    TIM1_UP_TIM10_IRQHandler                 0x08001abf   Thumb Code     0  startup_stm32f40_41xxx.o(.text)
    TIM2_IRQHandler                          0x08001abf   Thumb Code     0  startup_stm32f40_41xxx.o(.text)
    TIM4_IRQHandler                          0x08001abf   Thumb Code     0  startup_stm32f40_41xxx.o(.text)
    TIM5_IRQHandler                          0x08001abf   Thumb Code     0  startup_stm32f40_41xxx.o(.text)
    TIM6_DAC_IRQHandler                      0x08001abf   Thumb Code     0  startup_stm32f40_41xxx.o(.text)
    TIM7_IRQHandler                          0x08001abf   Thumb Code     0  startup_stm32f40_41xxx.o(.text)
    TIM8_BRK_TIM12_IRQHandler                0x08001abf   Thumb Code     0  startup_stm32f40_41xxx.o(.text)
    TIM8_CC_IRQHandler                       0x08001abf   Thumb Code     0  startup_stm32f40_41xxx.o(.text)
    TIM8_TRG_COM_TIM14_IRQHandler            0x08001abf   Thumb Code     0  startup_stm32f40_41xxx.o(.text)
    TIM8_UP_TIM13_IRQHandler                 0x08001abf   Thumb Code     0  startup_stm32f40_41xxx.o(.text)
    UART4_IRQHandler                         0x08001abf   Thumb Code     0  startup_stm32f40_41xxx.o(.text)
    UART5_IRQHandler                         0x08001abf   Thumb Code     0  startup_stm32f40_41xxx.o(.text)
    USART1_IRQHandler                        0x08001abf   Thumb Code     0  startup_stm32f40_41xxx.o(.text)
    USART2_IRQHandler                        0x08001abf   Thumb Code     0  startup_stm32f40_41xxx.o(.text)
    USART3_IRQHandler                        0x08001abf   Thumb Code     0  startup_stm32f40_41xxx.o(.text)
    USART6_IRQHandler                        0x08001abf   Thumb Code     0  startup_stm32f40_41xxx.o(.text)
    WWDG_IRQHandler                          0x08001abf   Thumb Code     0  startup_stm32f40_41xxx.o(.text)
    __user_initial_stackheap                 0x08001ac1   Thumb Code     0  startup_stm32f40_41xxx.o(.text)
    NVIC_PriorityGroupConfig                 0x08001ae5   Thumb Code    10  misc.o(.text)
    NVIC_Init                                0x08001aef   Thumb Code   108  misc.o(.text)
    NVIC_SetVectorTable                      0x08001b5b   Thumb Code    14  misc.o(.text)
    NVIC_SystemLPConfig                      0x08001b69   Thumb Code    34  misc.o(.text)
    SysTick_CLKSourceConfig                  0x08001b8b   Thumb Code    40  misc.o(.text)
    CAN_DeInit                               0x08001bc9   Thumb Code    50  stm32f4xx_can.o(.text)
    CAN_Init                                 0x08001bfb   Thumb Code   276  stm32f4xx_can.o(.text)
    CAN_FilterInit                           0x08001d0f   Thumb Code   258  stm32f4xx_can.o(.text)
    CAN_StructInit                           0x08001e11   Thumb Code    32  stm32f4xx_can.o(.text)
    CAN_SlaveStartBank                       0x08001e31   Thumb Code    48  stm32f4xx_can.o(.text)
    CAN_DBGFreeze                            0x08001e61   Thumb Code    22  stm32f4xx_can.o(.text)
    CAN_TTComModeCmd                         0x08001e77   Thumb Code   118  stm32f4xx_can.o(.text)
    CAN_Transmit                             0x08001eed   Thumb Code   304  stm32f4xx_can.o(.text)
    CAN_TransmitStatus                       0x0800201d   Thumb Code   138  stm32f4xx_can.o(.text)
    CAN_CancelTransmit                       0x080020a7   Thumb Code    48  stm32f4xx_can.o(.text)
    CAN_Receive                              0x080020d7   Thumb Code   240  stm32f4xx_can.o(.text)
    CAN_FIFORelease                          0x080021c7   Thumb Code    22  stm32f4xx_can.o(.text)
    CAN_MessagePending                       0x080021dd   Thumb Code    30  stm32f4xx_can.o(.text)
    CAN_OperatingModeRequest                 0x080021fb   Thumb Code   162  stm32f4xx_can.o(.text)
    CAN_Sleep                                0x0800229d   Thumb Code    30  stm32f4xx_can.o(.text)
    CAN_WakeUp                               0x080022bb   Thumb Code    48  stm32f4xx_can.o(.text)
    CAN_GetLastErrorCode                     0x080022eb   Thumb Code    12  stm32f4xx_can.o(.text)
    CAN_GetReceiveErrorCounter               0x080022f7   Thumb Code    10  stm32f4xx_can.o(.text)
    CAN_GetLSBTransmitErrorCounter           0x08002301   Thumb Code    12  stm32f4xx_can.o(.text)
    CAN_ITConfig                             0x0800230d   Thumb Code    18  stm32f4xx_can.o(.text)
    CAN_GetFlagStatus                        0x0800231f   Thumb Code   120  stm32f4xx_can.o(.text)
    CAN_ClearFlag                            0x08002397   Thumb Code    52  stm32f4xx_can.o(.text)
    CAN_GetITStatus                          0x080023db   Thumb Code   308  stm32f4xx_can.o(.text)
    CAN_ClearITPendingBit                    0x0800250f   Thumb Code   162  stm32f4xx_can.o(.text)
    DMA_DeInit                               0x080025b5   Thumb Code   324  stm32f4xx_dma.o(.text)
    DMA_Init                                 0x080026f9   Thumb Code    82  stm32f4xx_dma.o(.text)
    DMA_StructInit                           0x0800274b   Thumb Code    34  stm32f4xx_dma.o(.text)
    DMA_Cmd                                  0x0800276d   Thumb Code    22  stm32f4xx_dma.o(.text)
    DMA_PeriphIncOffsetSizeConfig            0x08002783   Thumb Code    22  stm32f4xx_dma.o(.text)
    DMA_FlowControllerConfig                 0x08002799   Thumb Code    22  stm32f4xx_dma.o(.text)
    DMA_SetCurrDataCounter                   0x080027af   Thumb Code     4  stm32f4xx_dma.o(.text)
    DMA_GetCurrDataCounter                   0x080027b3   Thumb Code     8  stm32f4xx_dma.o(.text)
    DMA_DoubleBufferModeConfig               0x080027bb   Thumb Code    24  stm32f4xx_dma.o(.text)
    DMA_DoubleBufferModeCmd                  0x080027d3   Thumb Code    22  stm32f4xx_dma.o(.text)
    DMA_MemoryTargetConfig                   0x080027e9   Thumb Code    10  stm32f4xx_dma.o(.text)
    DMA_GetCurrentMemoryTarget               0x080027f3   Thumb Code    20  stm32f4xx_dma.o(.text)
    DMA_GetCmdStatus                         0x08002807   Thumb Code    20  stm32f4xx_dma.o(.text)
    DMA_GetFIFOStatus                        0x0800281b   Thumb Code    12  stm32f4xx_dma.o(.text)
    DMA_GetFlagStatus                        0x08002827   Thumb Code    54  stm32f4xx_dma.o(.text)
    DMA_ClearFlag                            0x0800285d   Thumb Code    40  stm32f4xx_dma.o(.text)
    DMA_ITConfig                             0x08002885   Thumb Code    58  stm32f4xx_dma.o(.text)
    DMA_GetITStatus                          0x080028bf   Thumb Code    82  stm32f4xx_dma.o(.text)
    DMA_ClearITPendingBit                    0x08002911   Thumb Code    40  stm32f4xx_dma.o(.text)
    GPIO_DeInit                              0x08002959   Thumb Code   268  stm32f4xx_gpio.o(.text)
    GPIO_Init                                0x08002a65   Thumb Code   144  stm32f4xx_gpio.o(.text)
    GPIO_StructInit                          0x08002af5   Thumb Code    18  stm32f4xx_gpio.o(.text)
    GPIO_PinLockConfig                       0x08002b07   Thumb Code    34  stm32f4xx_gpio.o(.text)
    GPIO_ReadInputDataBit                    0x08002b29   Thumb Code    18  stm32f4xx_gpio.o(.text)
    GPIO_ReadInputData                       0x08002b3b   Thumb Code     8  stm32f4xx_gpio.o(.text)
    GPIO_ReadOutputDataBit                   0x08002b43   Thumb Code    18  stm32f4xx_gpio.o(.text)
    GPIO_ReadOutputData                      0x08002b55   Thumb Code     8  stm32f4xx_gpio.o(.text)
    GPIO_SetBits                             0x08002b5d   Thumb Code     4  stm32f4xx_gpio.o(.text)
    GPIO_ResetBits                           0x08002b61   Thumb Code     4  stm32f4xx_gpio.o(.text)
    GPIO_WriteBit                            0x08002b65   Thumb Code    10  stm32f4xx_gpio.o(.text)
    GPIO_Write                               0x08002b6f   Thumb Code     4  stm32f4xx_gpio.o(.text)
    GPIO_ToggleBits                          0x08002b73   Thumb Code     8  stm32f4xx_gpio.o(.text)
    GPIO_PinAFConfig                         0x08002b7b   Thumb Code    70  stm32f4xx_gpio.o(.text)
    RCC_DeInit                               0x08002bed   Thumb Code    82  stm32f4xx_rcc.o(.text)
    RCC_HSEConfig                            0x08002c3f   Thumb Code    14  stm32f4xx_rcc.o(.text)
    RCC_GetFlagStatus                        0x08002c4d   Thumb Code    60  stm32f4xx_rcc.o(.text)
    RCC_WaitForHSEStartUp                    0x08002c89   Thumb Code    56  stm32f4xx_rcc.o(.text)
    RCC_AdjustHSICalibrationValue            0x08002cc1   Thumb Code    20  stm32f4xx_rcc.o(.text)
    RCC_HSICmd                               0x08002cd5   Thumb Code     6  stm32f4xx_rcc.o(.text)
    RCC_LSEConfig                            0x08002cdb   Thumb Code    46  stm32f4xx_rcc.o(.text)
    RCC_LSICmd                               0x08002d09   Thumb Code     6  stm32f4xx_rcc.o(.text)
    RCC_PLLConfig                            0x08002d0f   Thumb Code    32  stm32f4xx_rcc.o(.text)
    RCC_PLLCmd                               0x08002d2f   Thumb Code     6  stm32f4xx_rcc.o(.text)
    RCC_PLLI2SConfig                         0x08002d35   Thumb Code    14  stm32f4xx_rcc.o(.text)
    RCC_PLLI2SCmd                            0x08002d43   Thumb Code     6  stm32f4xx_rcc.o(.text)
    RCC_PLLSAIConfig                         0x08002d49   Thumb Code    20  stm32f4xx_rcc.o(.text)
    RCC_PLLSAICmd                            0x08002d5d   Thumb Code     6  stm32f4xx_rcc.o(.text)
    RCC_ClockSecuritySystemCmd               0x08002d63   Thumb Code     6  stm32f4xx_rcc.o(.text)
    RCC_MCO1Config                           0x08002d69   Thumb Code    28  stm32f4xx_rcc.o(.text)
    RCC_MCO2Config                           0x08002d85   Thumb Code    28  stm32f4xx_rcc.o(.text)
    RCC_SYSCLKConfig                         0x08002da1   Thumb Code    20  stm32f4xx_rcc.o(.text)
    RCC_GetSYSCLKSource                      0x08002db5   Thumb Code    12  stm32f4xx_rcc.o(.text)
    RCC_HCLKConfig                           0x08002dc1   Thumb Code    20  stm32f4xx_rcc.o(.text)
    RCC_PCLK1Config                          0x08002dd5   Thumb Code    20  stm32f4xx_rcc.o(.text)
    RCC_PCLK2Config                          0x08002de9   Thumb Code    22  stm32f4xx_rcc.o(.text)
    RCC_GetClocksFreq                        0x08002dff   Thumb Code   222  stm32f4xx_rcc.o(.text)
    RCC_RTCCLKConfig                         0x08002edd   Thumb Code    54  stm32f4xx_rcc.o(.text)
    RCC_RTCCLKCmd                            0x08002f13   Thumb Code     8  stm32f4xx_rcc.o(.text)
    RCC_BackupResetCmd                       0x08002f1b   Thumb Code     8  stm32f4xx_rcc.o(.text)
    RCC_I2SCLKConfig                         0x08002f23   Thumb Code     6  stm32f4xx_rcc.o(.text)
    RCC_SAIPLLI2SClkDivConfig                0x08002f29   Thumb Code    26  stm32f4xx_rcc.o(.text)
    RCC_SAIPLLSAIClkDivConfig                0x08002f43   Thumb Code    28  stm32f4xx_rcc.o(.text)
    RCC_SAIBlockACLKConfig                   0x08002f5f   Thumb Code    20  stm32f4xx_rcc.o(.text)
    RCC_SAIBlockBCLKConfig                   0x08002f73   Thumb Code    20  stm32f4xx_rcc.o(.text)
    RCC_LTDCCLKDivConfig                     0x08002f87   Thumb Code    20  stm32f4xx_rcc.o(.text)
    RCC_TIMCLKPresConfig                     0x08002f9b   Thumb Code     6  stm32f4xx_rcc.o(.text)
    RCC_AHB1PeriphClockCmd                   0x08002fa1   Thumb Code    34  stm32f4xx_rcc.o(.text)
    RCC_AHB2PeriphClockCmd                   0x08002fc3   Thumb Code    78  stm32f4xx_rcc.o(.text)
    RCC_AHB3PeriphClockCmd                   0x08003011   Thumb Code    34  stm32f4xx_rcc.o(.text)
    RCC_APB1PeriphClockCmd                   0x08003033   Thumb Code    34  stm32f4xx_rcc.o(.text)
    RCC_APB2PeriphClockCmd                   0x08003055   Thumb Code    34  stm32f4xx_rcc.o(.text)
    RCC_AHB1PeriphResetCmd                   0x08003077   Thumb Code    34  stm32f4xx_rcc.o(.text)
    RCC_AHB2PeriphResetCmd                   0x08003099   Thumb Code    34  stm32f4xx_rcc.o(.text)
    RCC_AHB3PeriphResetCmd                   0x080030bb   Thumb Code    34  stm32f4xx_rcc.o(.text)
    RCC_APB1PeriphResetCmd                   0x080030dd   Thumb Code    34  stm32f4xx_rcc.o(.text)
    RCC_APB2PeriphResetCmd                   0x080030ff   Thumb Code    34  stm32f4xx_rcc.o(.text)
    RCC_AHB1PeriphClockLPModeCmd             0x08003121   Thumb Code    34  stm32f4xx_rcc.o(.text)
    RCC_AHB2PeriphClockLPModeCmd             0x08003143   Thumb Code    34  stm32f4xx_rcc.o(.text)
    RCC_AHB3PeriphClockLPModeCmd             0x08003165   Thumb Code    34  stm32f4xx_rcc.o(.text)
    RCC_APB1PeriphClockLPModeCmd             0x08003187   Thumb Code    34  stm32f4xx_rcc.o(.text)
    RCC_APB2PeriphClockLPModeCmd             0x080031a9   Thumb Code    34  stm32f4xx_rcc.o(.text)
    RCC_LSEModeConfig                        0x080031cb   Thumb Code    40  stm32f4xx_rcc.o(.text)
    RCC_ITConfig                             0x080031f3   Thumb Code    34  stm32f4xx_rcc.o(.text)
    RCC_ClearFlag                            0x08003215   Thumb Code    18  stm32f4xx_rcc.o(.text)
    RCC_GetITStatus                          0x08003227   Thumb Code    22  stm32f4xx_rcc.o(.text)
    RCC_ClearITPendingBit                    0x0800323d   Thumb Code     8  stm32f4xx_rcc.o(.text)
    TIM_DeInit                               0x08003249   Thumb Code   346  stm32f4xx_tim.o(.text)
    TIM_TimeBaseInit                         0x080033a3   Thumb Code   104  stm32f4xx_tim.o(.text)
    TIM_TimeBaseStructInit                   0x0800340b   Thumb Code    18  stm32f4xx_tim.o(.text)
    TIM_PrescalerConfig                      0x0800341d   Thumb Code     6  stm32f4xx_tim.o(.text)
    TIM_CounterModeConfig                    0x08003423   Thumb Code    18  stm32f4xx_tim.o(.text)
    TIM_SetCounter                           0x08003435   Thumb Code     4  stm32f4xx_tim.o(.text)
    TIM_SetAutoreload                        0x08003439   Thumb Code     4  stm32f4xx_tim.o(.text)
    TIM_GetCounter                           0x0800343d   Thumb Code     6  stm32f4xx_tim.o(.text)
    TIM_GetPrescaler                         0x08003443   Thumb Code     6  stm32f4xx_tim.o(.text)
    TIM_UpdateDisableConfig                  0x08003449   Thumb Code    24  stm32f4xx_tim.o(.text)
    TIM_UpdateRequestConfig                  0x08003461   Thumb Code    24  stm32f4xx_tim.o(.text)
    TIM_ARRPreloadConfig                     0x08003479   Thumb Code    24  stm32f4xx_tim.o(.text)
    TIM_SelectOnePulseMode                   0x08003491   Thumb Code    18  stm32f4xx_tim.o(.text)
    TIM_SetClockDivision                     0x080034a3   Thumb Code    18  stm32f4xx_tim.o(.text)
    TIM_Cmd                                  0x080034b5   Thumb Code    24  stm32f4xx_tim.o(.text)
    TIM_OC1Init                              0x080034cd   Thumb Code   114  stm32f4xx_tim.o(.text)
    TIM_OC2Init                              0x0800353f   Thumb Code   154  stm32f4xx_tim.o(.text)
    TIM_OC3Init                              0x080035d9   Thumb Code   204  stm32f4xx_tim.o(.text)
    TIM_OC4Init                              0x080036a5   Thumb Code   112  stm32f4xx_tim.o(.text)
    TIM_OCStructInit                         0x08003715   Thumb Code    20  stm32f4xx_tim.o(.text)
    TIM_SelectOCxM                           0x08003729   Thumb Code    86  stm32f4xx_tim.o(.text)
    TIM_SetCompare1                          0x0800377f   Thumb Code     4  stm32f4xx_tim.o(.text)
    TIM_SetCompare2                          0x08003783   Thumb Code     4  stm32f4xx_tim.o(.text)
    TIM_SetCompare3                          0x08003787   Thumb Code     4  stm32f4xx_tim.o(.text)
    TIM_SetCompare4                          0x0800378b   Thumb Code     4  stm32f4xx_tim.o(.text)
    TIM_ForcedOC1Config                      0x0800378f   Thumb Code    18  stm32f4xx_tim.o(.text)
    TIM_ForcedOC2Config                      0x080037a1   Thumb Code    26  stm32f4xx_tim.o(.text)
    TIM_ForcedOC3Config                      0x080037bb   Thumb Code    18  stm32f4xx_tim.o(.text)
    TIM_ForcedOC4Config                      0x080037cd   Thumb Code    26  stm32f4xx_tim.o(.text)
    TIM_OC1PreloadConfig                     0x080037e7   Thumb Code    18  stm32f4xx_tim.o(.text)
    TIM_OC2PreloadConfig                     0x080037f9   Thumb Code    26  stm32f4xx_tim.o(.text)
    TIM_OC3PreloadConfig                     0x08003813   Thumb Code    18  stm32f4xx_tim.o(.text)
    TIM_OC4PreloadConfig                     0x08003825   Thumb Code    26  stm32f4xx_tim.o(.text)
    TIM_OC1FastConfig                        0x0800383f   Thumb Code    18  stm32f4xx_tim.o(.text)
    TIM_OC2FastConfig                        0x08003851   Thumb Code    26  stm32f4xx_tim.o(.text)
    TIM_OC3FastConfig                        0x0800386b   Thumb Code    18  stm32f4xx_tim.o(.text)
    TIM_OC4FastConfig                        0x0800387d   Thumb Code    26  stm32f4xx_tim.o(.text)
    TIM_ClearOC1Ref                          0x08003897   Thumb Code    18  stm32f4xx_tim.o(.text)
    TIM_ClearOC2Ref                          0x080038a9   Thumb Code    24  stm32f4xx_tim.o(.text)
    TIM_ClearOC3Ref                          0x080038c1   Thumb Code    18  stm32f4xx_tim.o(.text)
    TIM_ClearOC4Ref                          0x080038d3   Thumb Code    24  stm32f4xx_tim.o(.text)
    TIM_OC1PolarityConfig                    0x080038eb   Thumb Code    18  stm32f4xx_tim.o(.text)
    TIM_OC1NPolarityConfig                   0x080038fd   Thumb Code    18  stm32f4xx_tim.o(.text)
    TIM_OC2PolarityConfig                    0x0800390f   Thumb Code    26  stm32f4xx_tim.o(.text)
    TIM_OC2NPolarityConfig                   0x08003929   Thumb Code    26  stm32f4xx_tim.o(.text)
    TIM_OC3PolarityConfig                    0x08003943   Thumb Code    26  stm32f4xx_tim.o(.text)
    TIM_OC3NPolarityConfig                   0x0800395d   Thumb Code    26  stm32f4xx_tim.o(.text)
    TIM_OC4PolarityConfig                    0x08003977   Thumb Code    26  stm32f4xx_tim.o(.text)
    TIM_CCxCmd                               0x08003991   Thumb Code    30  stm32f4xx_tim.o(.text)
    TIM_CCxNCmd                              0x080039af   Thumb Code    30  stm32f4xx_tim.o(.text)
    TIM_SetIC4Prescaler                      0x080039cd   Thumb Code    26  stm32f4xx_tim.o(.text)
    TIM_SetIC3Prescaler                      0x08003a37   Thumb Code    18  stm32f4xx_tim.o(.text)
    TIM_SetIC2Prescaler                      0x08003a91   Thumb Code    26  stm32f4xx_tim.o(.text)
    TIM_SetIC1Prescaler                      0x08003b05   Thumb Code    18  stm32f4xx_tim.o(.text)
    TIM_ICInit                               0x08003b51   Thumb Code   110  stm32f4xx_tim.o(.text)
    TIM_ICStructInit                         0x08003bbf   Thumb Code    18  stm32f4xx_tim.o(.text)
    TIM_PWMIConfig                           0x08003bd1   Thumb Code   124  stm32f4xx_tim.o(.text)
    TIM_GetCapture1                          0x08003c4d   Thumb Code     6  stm32f4xx_tim.o(.text)
    TIM_GetCapture2                          0x08003c53   Thumb Code     6  stm32f4xx_tim.o(.text)
    TIM_GetCapture3                          0x08003c59   Thumb Code     6  stm32f4xx_tim.o(.text)
    TIM_GetCapture4                          0x08003c5f   Thumb Code     6  stm32f4xx_tim.o(.text)
    TIM_BDTRConfig                           0x08003c65   Thumb Code    32  stm32f4xx_tim.o(.text)
    TIM_BDTRStructInit                       0x08003c85   Thumb Code    18  stm32f4xx_tim.o(.text)
    TIM_CtrlPWMOutputs                       0x08003c97   Thumb Code    30  stm32f4xx_tim.o(.text)
    TIM_SelectCOM                            0x08003cb5   Thumb Code    24  stm32f4xx_tim.o(.text)
    TIM_CCPreloadControl                     0x08003ccd   Thumb Code    24  stm32f4xx_tim.o(.text)
    TIM_ITConfig                             0x08003ce5   Thumb Code    18  stm32f4xx_tim.o(.text)
    TIM_GenerateEvent                        0x08003cf7   Thumb Code     4  stm32f4xx_tim.o(.text)
    TIM_GetFlagStatus                        0x08003cfb   Thumb Code    18  stm32f4xx_tim.o(.text)
    TIM_ClearFlag                            0x08003d0d   Thumb Code     6  stm32f4xx_tim.o(.text)
    TIM_GetITStatus                          0x08003d13   Thumb Code    34  stm32f4xx_tim.o(.text)
    TIM_ClearITPendingBit                    0x08003d35   Thumb Code     6  stm32f4xx_tim.o(.text)
    TIM_DMAConfig                            0x08003d3b   Thumb Code    10  stm32f4xx_tim.o(.text)
    TIM_DMACmd                               0x08003d45   Thumb Code    18  stm32f4xx_tim.o(.text)
    TIM_SelectCCDMA                          0x08003d57   Thumb Code    24  stm32f4xx_tim.o(.text)
    TIM_InternalClockConfig                  0x08003d6f   Thumb Code    12  stm32f4xx_tim.o(.text)
    TIM_SelectInputTrigger                   0x08003d7b   Thumb Code    18  stm32f4xx_tim.o(.text)
    TIM_ITRxExternalClockConfig              0x08003d8d   Thumb Code    24  stm32f4xx_tim.o(.text)
    TIM_TIxExternalClockConfig               0x08003da5   Thumb Code    62  stm32f4xx_tim.o(.text)
    TIM_ETRConfig                            0x08003de3   Thumb Code    28  stm32f4xx_tim.o(.text)
    TIM_ETRClockMode1Config                  0x08003dff   Thumb Code    54  stm32f4xx_tim.o(.text)
    TIM_ETRClockMode2Config                  0x08003e35   Thumb Code    32  stm32f4xx_tim.o(.text)
    TIM_SelectOutputTrigger                  0x08003e55   Thumb Code    18  stm32f4xx_tim.o(.text)
    TIM_SelectSlaveMode                      0x08003e67   Thumb Code    18  stm32f4xx_tim.o(.text)
    TIM_SelectMasterSlaveMode                0x08003e79   Thumb Code    18  stm32f4xx_tim.o(.text)
    TIM_EncoderInterfaceConfig               0x08003e8b   Thumb Code    66  stm32f4xx_tim.o(.text)
    TIM_SelectHallSensor                     0x08003ecd   Thumb Code    24  stm32f4xx_tim.o(.text)
    TIM_RemapConfig                          0x08003ee5   Thumb Code     6  stm32f4xx_tim.o(.text)
    USART_DeInit                             0x08003eed   Thumb Code   206  stm32f4xx_usart.o(.text)
    USART_Init                               0x08003fbb   Thumb Code   204  stm32f4xx_usart.o(.text)
    USART_StructInit                         0x08004087   Thumb Code    24  stm32f4xx_usart.o(.text)
    USART_ClockInit                          0x0800409f   Thumb Code    32  stm32f4xx_usart.o(.text)
    USART_ClockStructInit                    0x080040bf   Thumb Code    12  stm32f4xx_usart.o(.text)
    USART_Cmd                                0x080040cb   Thumb Code    24  stm32f4xx_usart.o(.text)
    USART_SetPrescaler                       0x080040e3   Thumb Code    16  stm32f4xx_usart.o(.text)
    USART_OverSampling8Cmd                   0x080040f3   Thumb Code    22  stm32f4xx_usart.o(.text)
    USART_OneBitMethodCmd                    0x08004109   Thumb Code    24  stm32f4xx_usart.o(.text)
    USART_SendData                           0x08004121   Thumb Code     8  stm32f4xx_usart.o(.text)
    USART_ReceiveData                        0x08004129   Thumb Code    10  stm32f4xx_usart.o(.text)
    USART_SetAddress                         0x08004133   Thumb Code    18  stm32f4xx_usart.o(.text)
    USART_ReceiverWakeUpCmd                  0x08004145   Thumb Code    24  stm32f4xx_usart.o(.text)
    USART_WakeUpConfig                       0x0800415d   Thumb Code    18  stm32f4xx_usart.o(.text)
    USART_LINBreakDetectLengthConfig         0x0800416f   Thumb Code    18  stm32f4xx_usart.o(.text)
    USART_LINCmd                             0x08004181   Thumb Code    24  stm32f4xx_usart.o(.text)
    USART_SendBreak                          0x08004199   Thumb Code    10  stm32f4xx_usart.o(.text)
    USART_HalfDuplexCmd                      0x080041a3   Thumb Code    24  stm32f4xx_usart.o(.text)
    USART_SetGuardTime                       0x080041bb   Thumb Code    16  stm32f4xx_usart.o(.text)
    USART_SmartCardCmd                       0x080041cb   Thumb Code    24  stm32f4xx_usart.o(.text)
    USART_SmartCardNACKCmd                   0x080041e3   Thumb Code    24  stm32f4xx_usart.o(.text)
    USART_IrDAConfig                         0x080041fb   Thumb Code    18  stm32f4xx_usart.o(.text)
    USART_IrDACmd                            0x0800420d   Thumb Code    24  stm32f4xx_usart.o(.text)
    USART_DMACmd                             0x08004225   Thumb Code    18  stm32f4xx_usart.o(.text)
    USART_ITConfig                           0x08004237   Thumb Code    74  stm32f4xx_usart.o(.text)
    USART_GetFlagStatus                      0x08004281   Thumb Code    26  stm32f4xx_usart.o(.text)
    USART_ClearFlag                          0x0800429b   Thumb Code    18  stm32f4xx_usart.o(.text)
    USART_GetITStatus                        0x080042ad   Thumb Code   118  stm32f4xx_usart.o(.text)
    USART_ClearITPendingBit                  0x08004323   Thumb Code    30  stm32f4xx_usart.o(.text)
    USART3_Configuration                     0x08004341   Thumb Code   254  usart3.o(.text)
    uart2_Rstart_dma                         0x0800443f   Thumb Code    72  usart3.o(.text)
    Updata_PID                               0x08004487   Thumb Code   170  usart3.o(.text)
    Detect_para_rev_dma                      0x08004531   Thumb Code   136  usart3.o(.text)
    uart3_send_multi_data                    0x080045b9   Thumb Code   162  usart3.o(.text)
    uart_putchar                             0x0800465b   Thumb Code    38  usart3.o(.text)
    I2C_INIT                                 0x0800469d   Thumb Code    46  i2c.o(.text)
    I2C_delay                                0x080046cb   Thumb Code    14  i2c.o(.text)
    delay5ms                                 0x080046d9   Thumb Code    14  i2c.o(.text)
    I2C_Start                                0x080046e7   Thumb Code    64  i2c.o(.text)
    I2C_Stop                                 0x08004727   Thumb Code    48  i2c.o(.text)
    I2C_Ack                                  0x08004757   Thumb Code    48  i2c.o(.text)
    I2C_NoAck                                0x08004787   Thumb Code    48  i2c.o(.text)
    I2C_WaitAck                              0x080047b7   Thumb Code    70  i2c.o(.text)
    I2C_SendByte                             0x080047fd   Thumb Code    76  i2c.o(.text)
    I2C_RadeByte                             0x08004849   Thumb Code    68  i2c.o(.text)
    Single_Write                             0x0800488d   Thumb Code    70  i2c.o(.text)
    Single_Write_MS5611                      0x080048d3   Thumb Code    58  i2c.o(.text)
    Single_Read                              0x0800490d   Thumb Code    80  i2c.o(.text)
    InitMPU6050                              0x08004971   Thumb Code   144  6050.o(.text)
    MPU6050_Read                             0x08004a01   Thumb Code   152  6050.o(.text)
    Gyro_OFFEST                              0x08004a99   Thumb Code   252  6050.o(.text)
    delay_init                               0x08004ba1   Thumb Code    52  delay.o(.text)
    delay_us                                 0x08004bd5   Thumb Code    70  delay.o(.text)
    delay_xms                                0x08004c1b   Thumb Code    70  delay.o(.text)
    delay_ms                                 0x08004c61   Thumb Code    56  delay.o(.text)
    Q_rsqrt                                  0x08004ca1   Thumb Code    64  imu.o(.text)
    FL_ABS                                   0x08004ce1   Thumb Code    26  imu.o(.text)
    COS                                      0x08004cfb   Thumb Code    30  imu.o(.text)
    SIN                                      0x08004d19   Thumb Code    30  imu.o(.text)
    VariableParameter                        0x08004d37   Thumb Code    88  imu.o(.text)
    IMUupdate                                0x08004d8f   Thumb Code  2126  imu.o(.text)
    Get_Attitude                             0x080055dd   Thumb Code   110  imu.o(.text)
    __use_two_region_memory                  0x0800566d   Thumb Code     2  heapauxi.o(.text)
    __rt_heap_escrow$2region                 0x0800566f   Thumb Code     2  heapauxi.o(.text)
    __rt_heap_expand$2region                 0x08005671   Thumb Code     2  heapauxi.o(.text)
    __read_errno                             0x08005673   Thumb Code    10  _rserrno.o(.text)
    __set_errno                              0x0800567d   Thumb Code    12  _rserrno.o(.text)
    __aeabi_errno_addr                       0x08005689   Thumb Code     8  rt_errno_addr_intlibspace.o(.text)
    __errno$intlibspace                      0x08005689   Thumb Code     0  rt_errno_addr_intlibspace.o(.text)
    __rt_errno_addr$intlibspace              0x08005689   Thumb Code     0  rt_errno_addr_intlibspace.o(.text)
    __user_libspace                          0x08005691   Thumb Code     8  libspace.o(.text)
    __user_perproc_libspace                  0x08005691   Thumb Code     0  libspace.o(.text)
    __user_perthread_libspace                0x08005691   Thumb Code     0  libspace.o(.text)
    __user_setup_stackheap                   0x08005699   Thumb Code    74  sys_stackheap_outer.o(.text)
    exit                                     0x080056e3   Thumb Code    12  exit.o(.text)
    _sys_exit                                0x080056f1   Thumb Code     8  sys_exit.o(.text)
    __I$use$semihosting                      0x080056fd   Thumb Code     0  use_no_semi.o(.text)
    __use_no_semihosting_swi                 0x080056fd   Thumb Code     2  use_no_semi.o(.text)
    __ARM_fpclassify                         0x080056ff   Thumb Code    48  fpclassify.o(i.__ARM_fpclassify)
    __semihosting_library_function           0x080056ff   Thumb Code     0  indicate_semi.o(.text)
    __hardfp_asin                            0x08005731   Thumb Code   774  asin.o(i.__hardfp_asin)
    __hardfp_atan                            0x08005aa1   Thumb Code   636  atan.o(i.__hardfp_atan)
    __hardfp_atan2                           0x08005d89   Thumb Code   416  atan2.o(i.__hardfp_atan2)
    __hardfp_sqrt                            0x08005f69   Thumb Code   122  sqrt.o(i.__hardfp_sqrt)
    __kernel_poly                            0x08005fe3   Thumb Code   248  poly.o(i.__kernel_poly)
    __mathlib_dbl_underflow                  0x080060e1   Thumb Code    24  dunder.o(i.__mathlib_dbl_underflow)
    atan                                     0x08006101   Thumb Code    16  atan.o(i.atan)
    fabs                                     0x08006111   Thumb Code    32  fabs.o(i.fabs)
    sqrt                                     0x08006131   Thumb Code   110  sqrt.o(i.sqrt)
    __aeabi_dneg                             0x0800619f   Thumb Code     0  basic.o(x$fpl$basic)
    _dneg                                    0x0800619f   Thumb Code     6  basic.o(x$fpl$basic)
    __aeabi_fneg                             0x080061a5   Thumb Code     0  basic.o(x$fpl$basic)
    _fneg                                    0x080061a5   Thumb Code     6  basic.o(x$fpl$basic)
    _dabs                                    0x080061ab   Thumb Code     6  basic.o(x$fpl$basic)
    _fabs                                    0x080061b1   Thumb Code     6  basic.o(x$fpl$basic)
    __aeabi_d2f                              0x080061b9   Thumb Code     0  d2f.o(x$fpl$d2f)
    _d2f                                     0x080061b9   Thumb Code    98  d2f.o(x$fpl$d2f)
    __aeabi_dadd                             0x0800621d   Thumb Code     0  daddsub_clz.o(x$fpl$dadd)
    _dadd                                    0x0800621d   Thumb Code   332  daddsub_clz.o(x$fpl$dadd)
    __fpl_dcmp_Inf                           0x0800636d   Thumb Code    24  dcmpi.o(x$fpl$dcmpinf)
    __aeabi_ddiv                             0x08006385   Thumb Code     0  ddiv.o(x$fpl$ddiv)
    _ddiv                                    0x08006385   Thumb Code   552  ddiv.o(x$fpl$ddiv)
    __aeabi_d2iz                             0x08006635   Thumb Code     0  dfix.o(x$fpl$dfix)
    _dfix                                    0x08006635   Thumb Code    94  dfix.o(x$fpl$dfix)
    __aeabi_i2d                              0x08006693   Thumb Code     0  dflt_clz.o(x$fpl$dflt)
    _dflt                                    0x08006693   Thumb Code    46  dflt_clz.o(x$fpl$dflt)
    __aeabi_cdcmple                          0x080066c1   Thumb Code     0  dleqf.o(x$fpl$dleqf)
    _dcmple                                  0x080066c1   Thumb Code   120  dleqf.o(x$fpl$dleqf)
    __fpl_dcmple_InfNaN                      0x08006723   Thumb Code     0  dleqf.o(x$fpl$dleqf)
    __aeabi_dmul                             0x08006739   Thumb Code     0  dmul.o(x$fpl$dmul)
    _dmul                                    0x08006739   Thumb Code   332  dmul.o(x$fpl$dmul)
    __fpl_dnaninf                            0x0800688d   Thumb Code   156  dnaninf.o(x$fpl$dnaninf)
    __fpl_dretinf                            0x08006929   Thumb Code    12  dretinf.o(x$fpl$dretinf)
    __aeabi_drsub                            0x08006935   Thumb Code     0  daddsub_clz.o(x$fpl$drsb)
    _drsb                                    0x08006935   Thumb Code    22  daddsub_clz.o(x$fpl$drsb)
    _dsqrt                                   0x0800694d   Thumb Code   404  dsqrt_umaal.o(x$fpl$dsqrt)
    __aeabi_dsub                             0x08006ae5   Thumb Code     0  daddsub_clz.o(x$fpl$dsub)
    _dsub                                    0x08006ae5   Thumb Code   464  daddsub_clz.o(x$fpl$dsub)
    __aeabi_f2d                              0x08006cb9   Thumb Code     0  f2d.o(x$fpl$f2d)
    _f2d                                     0x08006cb9   Thumb Code    86  f2d.o(x$fpl$f2d)
    __fpl_fnaninf                            0x08006d0f   Thumb Code   140  fnaninf.o(x$fpl$fnaninf)
    _fp_init                                 0x08006d9b   Thumb Code    10  fpinit.o(x$fpl$fpinit)
    __fplib_config_fpu_vfp                   0x08006da3   Thumb Code     0  fpinit.o(x$fpl$fpinit)
    __fplib_config_pureend_doubles           0x08006da3   Thumb Code     0  fpinit.o(x$fpl$fpinit)
    __fpl_fretinf                            0x08006da5   Thumb Code    10  fretinf.o(x$fpl$fretinf)
    __I$use$fp                               0x08006dae   Number         0  usenofp.o(x$fpl$usenofp)
    __mathlib_zero                           0x08006e98   Data           8  qnan.o(.constdata)
    Region$$Table$$Base                      0x08006ea0   Number         0  anon$$obj.o(Region$$Table)
    Region$$Table$$Limit                     0x08006ec0   Number         0  anon$$obj.o(Region$$Table)
    SystemCoreClock                          0x20000000   Data           4  system_stm32f4xx.o(.data)
    AHBPrescTable                            0x20000004   Data          16  system_stm32f4xx.o(.data)
    ACC_AVG                                  0x20000050   Data           6  prepare_data.o(.data)
    GYRO_AVG                                 0x20000056   Data           6  prepare_data.o(.data)
    Pitch_para                               0x2000005c   Data          24  holder.o(.data)
    Yaw_para                                 0x20000074   Data          24  holder.o(.data)
    TransmitMailbox                          0x2000008c   Data           1  holder.o(.data)
    SPEED_COT_CNT                            0x20000090   Data           2  speed_control.o(.data)
    speed_start_flag                         0x20000092   Data           2  speed_control.o(.data)
    Wheel_para                               0x20000094   Data          24  speed_control.o(.data)
    max                                      0x200000b0   Data           4  hmc5883l.o(.data)
    min                                      0x200000b4   Data           4  hmc5883l.o(.data)
    max2                                     0x200000b8   Data           4  hmc5883l.o(.data)
    min2                                     0x200000bc   Data           4  hmc5883l.o(.data)
    max3                                     0x200000c0   Data           4  hmc5883l.o(.data)
    min3                                     0x200000c4   Data           4  hmc5883l.o(.data)
    HMC5883                                  0x200000c9   Data           6  hmc5883l.o(.data)
    mx                                       0x200000d0   Data           4  hmc5883l.o(.data)
    my                                       0x200000d4   Data           4  hmc5883l.o(.data)
    mz                                       0x200000d8   Data           4  hmc5883l.o(.data)
    Para_s_rev                               0x200000ec   Data           8  usart3.o(.data)
    EnemyData                                0x200000f4   Data           6  usart3.o(.data)
    q0                                       0x20000100   Data           4  imu.o(.data)
    q1                                       0x20000104   Data           4  imu.o(.data)
    q2                                       0x20000108   Data           4  imu.o(.data)
    q3                                       0x2000010c   Data           4  imu.o(.data)
    exInt                                    0x20000110   Data           4  imu.o(.data)
    eyInt                                    0x20000114   Data           4  imu.o(.data)
    ezInt                                    0x20000118   Data           4  imu.o(.data)
    Car_sys                                  0x2000011c   Data          12  clock.o(.bss)
    ACC_X_BUF                                0x20000128   Data          40  prepare_data.o(.bss)
    ACC_Y_BUF                                0x20000150   Data          40  prepare_data.o(.bss)
    ACC_Z_BUF                                0x20000178   Data          40  prepare_data.o(.bss)
    Gyro_File_Buf                            0x200001a0   Data          60  prepare_data.o(.bss)
    Z_Gyro_File_Buf                          0x200001dc   Data         120  prepare_data.o(.bss)
    Pitch_Hold_Info                          0x20000254   Data          40  holder.o(.bss)
    yaw_Hold_Info                            0x2000027c   Data          40  holder.o(.bss)
    Target_speed                             0x200002a4   Data          16  speed_control.o(.bss)
    wheel_position                           0x200002d4   Data          16  speed_control.o(.bss)
    wheel_position_old                       0x200002e4   Data          16  speed_control.o(.bss)
    read_speed                               0x200002f4   Data          16  speed_control.o(.bss)
    speed_filter_buff                        0x20000304   Data         160  speed_control.o(.bss)
    X_BUFF                                   0x200003a4   Data         200  hmc5883l.o(.bss)
    Y_BUFF                                   0x2000046c   Data         200  hmc5883l.o(.bss)
    Z_BUFF                                   0x20000534   Data         200  hmc5883l.o(.bss)
    para_rev                                 0x200005fc   Data          32  usart3.o(.bss)
    Send_data                                0x2000061c   Data          16  usart3.o(.bss)
    sensor                                   0x2000062c   Data          72  6050.o(.bss)
    mpu6050_buffer                           0x20000674   Data          20  6050.o(.bss)
    Q_ANGLE                                  0x20000688   Data          12  imu.o(.bss)
    angle                                    0x20000694   Data          12  imu.o(.bss)
    __libspace_start                         0x200006a0   Data          96  libspace.o(.bss)
    __temporary_stack_top$libspace           0x20000700   Data           0  libspace.o(.bss)



==============================================================================

Memory Map of the image

  Image Entry point : 0x08000189

  Load Region LR_IROM1 (Base: 0x08000000, Size: 0x00006fdc, Max: 0x00100000, ABSOLUTE)

    Execution Region ER_IROM1 (Base: 0x08000000, Size: 0x00006ec0, Max: 0x00100000, ABSOLUTE)

    Base Addr    Size         Type   Attr      Idx    E Section Name        Object

    0x08000000   0x00000188   Data   RO          394    RESET               startup_stm32f40_41xxx.o
    0x08000188   0x00000008   Code   RO          735  * !!!main             c_w.l(__main.o)
    0x08000190   0x00000034   Code   RO         1004    !!!scatter          c_w.l(__scatter.o)
    0x080001c4   0x0000001a   Code   RO         1006    !!handler_copy      c_w.l(__scatter_copy.o)
    0x080001de   0x00000002   PAD
    0x080001e0   0x0000001c   Code   RO         1008    !!handler_zi        c_w.l(__scatter_zi.o)
    0x080001fc   0x00000002   Code   RO          880    .ARM.Collect$$libinit$$00000000  c_w.l(libinit.o)
    0x080001fe   0x00000004   Code   RO          883    .ARM.Collect$$libinit$$00000001  c_w.l(libinit2.o)
    0x08000202   0x00000000   Code   RO          887    .ARM.Collect$$libinit$$00000008  c_w.l(libinit2.o)
    0x08000202   0x00000000   Code   RO          889    .ARM.Collect$$libinit$$0000000A  c_w.l(libinit2.o)
    0x08000202   0x00000000   Code   RO          891    .ARM.Collect$$libinit$$0000000C  c_w.l(libinit2.o)
    0x08000202   0x00000000   Code   RO          894    .ARM.Collect$$libinit$$0000000F  c_w.l(libinit2.o)
    0x08000202   0x00000000   Code   RO          896    .ARM.Collect$$libinit$$00000011  c_w.l(libinit2.o)
    0x08000202   0x00000000   Code   RO          898    .ARM.Collect$$libinit$$00000013  c_w.l(libinit2.o)
    0x08000202   0x00000000   Code   RO          900    .ARM.Collect$$libinit$$00000015  c_w.l(libinit2.o)
    0x08000202   0x00000000   Code   RO          902    .ARM.Collect$$libinit$$00000017  c_w.l(libinit2.o)
    0x08000202   0x00000000   Code   RO          904    .ARM.Collect$$libinit$$00000019  c_w.l(libinit2.o)
    0x08000202   0x00000000   Code   RO          906    .ARM.Collect$$libinit$$0000001B  c_w.l(libinit2.o)
    0x08000202   0x00000000   Code   RO          908    .ARM.Collect$$libinit$$0000001D  c_w.l(libinit2.o)
    0x08000202   0x00000000   Code   RO          910    .ARM.Collect$$libinit$$0000001F  c_w.l(libinit2.o)
    0x08000202   0x00000000   Code   RO          912    .ARM.Collect$$libinit$$00000021  c_w.l(libinit2.o)
    0x08000202   0x00000000   Code   RO          914    .ARM.Collect$$libinit$$00000023  c_w.l(libinit2.o)
    0x08000202   0x00000000   Code   RO          918    .ARM.Collect$$libinit$$0000002A  c_w.l(libinit2.o)
    0x08000202   0x00000000   Code   RO          920    .ARM.Collect$$libinit$$0000002C  c_w.l(libinit2.o)
    0x08000202   0x00000000   Code   RO          922    .ARM.Collect$$libinit$$0000002E  c_w.l(libinit2.o)
    0x08000202   0x00000000   Code   RO          924    .ARM.Collect$$libinit$$00000030  c_w.l(libinit2.o)
    0x08000202   0x00000002   Code   RO          925    .ARM.Collect$$libinit$$00000031  c_w.l(libinit2.o)
    0x08000204   0x00000002   Code   RO          945    .ARM.Collect$$libshutdown$$00000000  c_w.l(libshutdown.o)
    0x08000206   0x00000000   Code   RO          959    .ARM.Collect$$libshutdown$$00000003  c_w.l(libshutdown2.o)
    0x08000206   0x00000000   Code   RO          962    .ARM.Collect$$libshutdown$$00000006  c_w.l(libshutdown2.o)
    0x08000206   0x00000000   Code   RO          965    .ARM.Collect$$libshutdown$$00000009  c_w.l(libshutdown2.o)
    0x08000206   0x00000000   Code   RO          967    .ARM.Collect$$libshutdown$$0000000B  c_w.l(libshutdown2.o)
    0x08000206   0x00000000   Code   RO          970    .ARM.Collect$$libshutdown$$0000000E  c_w.l(libshutdown2.o)
    0x08000206   0x00000002   Code   RO          971    .ARM.Collect$$libshutdown$$0000000F  c_w.l(libshutdown2.o)
    0x08000208   0x00000000   Code   RO          803    .ARM.Collect$$rtentry$$00000000  c_w.l(rtentry.o)
    0x08000208   0x00000000   Code   RO          849    .ARM.Collect$$rtentry$$00000002  c_w.l(rtentry2.o)
    0x08000208   0x00000006   Code   RO          861    .ARM.Collect$$rtentry$$00000004  c_w.l(rtentry4.o)
    0x0800020e   0x00000000   Code   RO          851    .ARM.Collect$$rtentry$$00000009  c_w.l(rtentry2.o)
    0x0800020e   0x00000004   Code   RO          852    .ARM.Collect$$rtentry$$0000000A  c_w.l(rtentry2.o)
    0x08000212   0x00000000   Code   RO          854    .ARM.Collect$$rtentry$$0000000C  c_w.l(rtentry2.o)
    0x08000212   0x00000008   Code   RO          855    .ARM.Collect$$rtentry$$0000000D  c_w.l(rtentry2.o)
    0x0800021a   0x00000002   Code   RO          881    .ARM.Collect$$rtexit$$00000000  c_w.l(rtexit.o)
    0x0800021c   0x00000000   Code   RO          927    .ARM.Collect$$rtexit$$00000002  c_w.l(rtexit2.o)
    0x0800021c   0x00000004   Code   RO          928    .ARM.Collect$$rtexit$$00000003  c_w.l(rtexit2.o)
    0x08000220   0x00000006   Code   RO          929    .ARM.Collect$$rtexit$$00000004  c_w.l(rtexit2.o)
    0x08000226   0x00000002   PAD
    0x08000228   0x00000034   Code   RO            3    .text               main.o
    0x0800025c   0x00000210   Code   RO          162    .text               system_stm32f4xx.o
    0x0800046c   0x00000118   Code   RO          188    .text               clock.o
    0x08000584   0x00000b44   Code   RO          245    .text               prepare_data.o
    0x080010c8   0x000002a4   Code   RO          277    .text               holder.o
    0x0800136c   0x000004b8   Code   RO          312    .text               speed_control.o
    0x08001824   0x00000280   Code   RO          366    .text               hmc5883l.o
    0x08001aa4   0x00000040   Code   RO          395    .text               startup_stm32f40_41xxx.o
    0x08001ae4   0x000000e4   Code   RO          401    .text               misc.o
    0x08001bc8   0x000009ec   Code   RO          424    .text               stm32f4xx_can.o
    0x080025b4   0x000003a4   Code   RO          444    .text               stm32f4xx_dma.o
    0x08002958   0x00000294   Code   RO          464    .text               stm32f4xx_gpio.o
    0x08002bec   0x0000065c   Code   RO          504    .text               stm32f4xx_rcc.o
    0x08003248   0x00000ca2   Code   RO          526    .text               stm32f4xx_tim.o
    0x08003eea   0x00000002   PAD
    0x08003eec   0x00000454   Code   RO          546    .text               stm32f4xx_usart.o
    0x08004340   0x0000035c   Code   RO          586    .text               usart3.o
    0x0800469c   0x000002d4   Code   RO          614    .text               i2c.o
    0x08004970   0x00000230   Code   RO          634    .text               6050.o
    0x08004ba0   0x00000100   Code   RO          662    .text               delay.o
    0x08004ca0   0x000009cc   Code   RO          705    .text               imu.o
    0x0800566c   0x00000006   Code   RO          733    .text               c_w.l(heapauxi.o)
    0x08005672   0x00000016   Code   RO          804    .text               c_w.l(_rserrno.o)
    0x08005688   0x00000008   Code   RO          866    .text               c_w.l(rt_errno_addr_intlibspace.o)
    0x08005690   0x00000008   Code   RO          868    .text               c_w.l(libspace.o)
    0x08005698   0x0000004a   Code   RO          871    .text               c_w.l(sys_stackheap_outer.o)
    0x080056e2   0x0000000c   Code   RO          873    .text               c_w.l(exit.o)
    0x080056ee   0x00000002   PAD
    0x080056f0   0x0000000c   Code   RO          937    .text               c_w.l(sys_exit.o)
    0x080056fc   0x00000002   Code   RO          948    .text               c_w.l(use_no_semi.o)
    0x080056fe   0x00000000   Code   RO          950    .text               c_w.l(indicate_semi.o)
    0x080056fe   0x00000030   Code   RO          843    i.__ARM_fpclassify  m_wm.l(fpclassify.o)
    0x0800572e   0x00000002   PAD
    0x08005730   0x00000370   Code   RO          765    i.__hardfp_asin     m_wm.l(asin.o)
    0x08005aa0   0x000002e8   Code   RO          821    i.__hardfp_atan     m_wm.l(atan.o)
    0x08005d88   0x000001e0   Code   RO          779    i.__hardfp_atan2    m_wm.l(atan2.o)
    0x08005f68   0x0000007a   Code   RO          791    i.__hardfp_sqrt     m_wm.l(sqrt.o)
    0x08005fe2   0x000000f8   Code   RO          845    i.__kernel_poly     m_wm.l(poly.o)
    0x080060da   0x00000006   PAD
    0x080060e0   0x00000020   Code   RO          835    i.__mathlib_dbl_underflow  m_wm.l(dunder.o)
    0x08006100   0x00000010   Code   RO          823    i.atan              m_wm.l(atan.o)
    0x08006110   0x00000020   Code   RO          839    i.fabs              m_wm.l(fabs.o)
    0x08006130   0x0000006e   Code   RO          793    i.sqrt              m_wm.l(sqrt.o)
    0x0800619e   0x00000018   Code   RO          806    x$fpl$basic         fz_wm.l(basic.o)
    0x080061b6   0x00000002   PAD
    0x080061b8   0x00000062   Code   RO          737    x$fpl$d2f           fz_wm.l(d2f.o)
    0x0800621a   0x00000002   PAD
    0x0800621c   0x00000150   Code   RO          739    x$fpl$dadd          fz_wm.l(daddsub_clz.o)
    0x0800636c   0x00000018   Code   RO          808    x$fpl$dcmpinf       fz_wm.l(dcmpi.o)
    0x08006384   0x000002b0   Code   RO          746    x$fpl$ddiv          fz_wm.l(ddiv.o)
    0x08006634   0x0000005e   Code   RO          749    x$fpl$dfix          fz_wm.l(dfix.o)
    0x08006692   0x0000002e   Code   RO          754    x$fpl$dflt          fz_wm.l(dflt_clz.o)
    0x080066c0   0x00000078   Code   RO          759    x$fpl$dleqf         fz_wm.l(dleqf.o)
    0x08006738   0x00000154   Code   RO          761    x$fpl$dmul          fz_wm.l(dmul.o)
    0x0800688c   0x0000009c   Code   RO          810    x$fpl$dnaninf       fz_wm.l(dnaninf.o)
    0x08006928   0x0000000c   Code   RO          812    x$fpl$dretinf       fz_wm.l(dretinf.o)
    0x08006934   0x00000016   Code   RO          740    x$fpl$drsb          fz_wm.l(daddsub_clz.o)
    0x0800694a   0x00000002   PAD
    0x0800694c   0x00000198   Code   RO          814    x$fpl$dsqrt         fz_wm.l(dsqrt_umaal.o)
    0x08006ae4   0x000001d4   Code   RO          741    x$fpl$dsub          fz_wm.l(daddsub_clz.o)
    0x08006cb8   0x00000056   Code   RO          763    x$fpl$f2d           fz_wm.l(f2d.o)
    0x08006d0e   0x0000008c   Code   RO          816    x$fpl$fnaninf       fz_wm.l(fnaninf.o)
    0x08006d9a   0x0000000a   Code   RO          935    x$fpl$fpinit        fz_wm.l(fpinit.o)
    0x08006da4   0x0000000a   Code   RO          818    x$fpl$fretinf       fz_wm.l(fretinf.o)
    0x08006dae   0x00000000   Code   RO          820    x$fpl$usenofp       fz_wm.l(usenofp.o)
    0x08006dae   0x00000002   PAD
    0x08006db0   0x00000050   Data   RO          768    .constdata          m_wm.l(asin.o)
    0x08006e00   0x00000098   Data   RO          824    .constdata          m_wm.l(atan.o)
    0x08006e98   0x00000008   Data   RO          847    .constdata          m_wm.l(qnan.o)
    0x08006ea0   0x00000020   Data   RO         1002    Region$$Table       anon$$obj.o


    Execution Region RW_IRAM1 (Base: 0x20000000, Size: 0x00001700, Max: 0x00020000, ABSOLUTE)

    Base Addr    Size         Type   Attr      Idx    E Section Name        Object

    0x20000000   0x00000014   Data   RW          163    .data               system_stm32f4xx.o
    0x20000014   0x00000004   PAD
    0x20000018   0x00000044   Data   RW          247    .data               prepare_data.o
    0x2000005c   0x00000031   Data   RW          279    .data               holder.o
    0x2000008d   0x00000003   PAD
    0x20000090   0x0000001d   Data   RW          314    .data               speed_control.o
    0x200000ad   0x00000003   PAD
    0x200000b0   0x0000002c   Data   RW          368    .data               hmc5883l.o
    0x200000dc   0x00000010   Data   RW          505    .data               stm32f4xx_rcc.o
    0x200000ec   0x0000000e   Data   RW          588    .data               usart3.o
    0x200000fa   0x00000004   Data   RW          663    .data               delay.o
    0x200000fe   0x00000002   PAD
    0x20000100   0x0000001c   Data   RW          707    .data               imu.o
    0x2000011c   0x0000000c   Zero   RW          189    .bss                clock.o
    0x20000128   0x0000012c   Zero   RW          246    .bss                prepare_data.o
    0x20000254   0x00000050   Zero   RW          278    .bss                holder.o
    0x200002a4   0x00000100   Zero   RW          313    .bss                speed_control.o
    0x200003a4   0x00000258   Zero   RW          367    .bss                hmc5883l.o
    0x200005fc   0x00000030   Zero   RW          587    .bss                usart3.o
    0x2000062c   0x0000005c   Zero   RW          635    .bss                6050.o
    0x20000688   0x00000018   Zero   RW          706    .bss                imu.o
    0x200006a0   0x00000060   Zero   RW          869    .bss                c_w.l(libspace.o)
    0x20000700   0x00000800   Zero   RW          393    HEAP                startup_stm32f40_41xxx.o
    0x20000f00   0x00000800   Zero   RW          392    STACK               startup_stm32f40_41xxx.o


==============================================================================

Image component sizes


      Code (inc. data)   RO Data    RW Data    ZI Data      Debug   Object Name

       560         12          0          0         92       3476   6050.o
       280         24          0          0         12       1371   clock.o
       256          8          0          4          0       1329   delay.o
       640         54          0         44        600       1960   hmc5883l.o
       676         48          0         49         80       3519   holder.o
       724         20          0          0          0       3318   i2c.o
      2508        120          0         28         24       4152   imu.o
        52          4          0          0          0     303203   main.o
       228         22          0          0          0       1753   misc.o
      2884        196          0         68        300       5129   prepare_data.o
      1208         78          0         29        256     240173   speed_control.o
        64         26        392          0       4096        792   startup_stm32f40_41xxx.o
      2540         38          0          0          0       7900   stm32f4xx_can.o
       932         32          0          0          0       6225   stm32f4xx_dma.o
       660         44          0          0          0       4029   stm32f4xx_gpio.o
      1628         52          0         16          0      12788   stm32f4xx_rcc.o
      3234         60          0          0          0      22228   stm32f4xx_tim.o
      1108         34          0          0          0       7724   stm32f4xx_usart.o
       528         46          0         20          0       1723   system_stm32f4xx.o
       860         28          0         14         48       3634   usart3.o

    ----------------------------------------------------------------------
     21572        946        424        284       5508     636426   Object Totals
         0          0         32          0          0          0   (incl. Generated)
         2          0          0         12          0          0   (incl. Padding)

    ----------------------------------------------------------------------

      Code (inc. data)   RO Data    RW Data    ZI Data      Debug   Library Member Name

         8          0          0          0          0         68   __main.o
        52          8          0          0          0          0   __scatter.o
        26          0          0          0          0          0   __scatter_copy.o
        28          0          0          0          0          0   __scatter_zi.o
        22          0          0          0          0        100   _rserrno.o
        12          0          0          0          0         72   exit.o
         6          0          0          0          0        152   heapauxi.o
         0          0          0          0          0          0   indicate_semi.o
         2          0          0          0          0          0   libinit.o
         6          0          0          0          0          0   libinit2.o
         2          0          0          0          0          0   libshutdown.o
         2          0          0          0          0          0   libshutdown2.o
         8          4          0          0         96         68   libspace.o
         8          4          0          0          0         68   rt_errno_addr_intlibspace.o
         0          0          0          0          0          0   rtentry.o
        12          0          0          0          0          0   rtentry2.o
         6          0          0          0          0          0   rtentry4.o
         2          0          0          0          0          0   rtexit.o
        10          0          0          0          0          0   rtexit2.o
        12          4          0          0          0         68   sys_exit.o
        74          0          0          0          0         80   sys_stackheap_outer.o
         2          0          0          0          0         68   use_no_semi.o
        24          0          0          0          0        164   basic.o
        98          4          0          0          0        140   d2f.o
       826         16          0          0          0        492   daddsub_clz.o
        24          0          0          0          0        116   dcmpi.o
       688        140          0          0          0        256   ddiv.o
        94          4          0          0          0        140   dfix.o
        46          0          0          0          0        116   dflt_clz.o
       120          4          0          0          0        140   dleqf.o
       340         12          0          0          0        152   dmul.o
       156          4          0          0          0        140   dnaninf.o
        12          0          0          0          0        116   dretinf.o
       408         56          0          0          0        168   dsqrt_umaal.o
        86          4          0          0          0        132   f2d.o
       140          4          0          0          0        132   fnaninf.o
        10          0          0          0          0        116   fpinit.o
        10          0          0          0          0        116   fretinf.o
         0          0          0          0          0          0   usenofp.o
       880        106         80          0          0        200   asin.o
       760        108        152          0          0        344   atan.o
       480         64          0          0          0        156   atan2.o
        32          8          0          0          0        124   dunder.o
        32          0          0          0          0        124   fabs.o
        48          0          0          0          0        124   fpclassify.o
       248          0          0          0          0        152   poly.o
         0          0          8          0          0          0   qnan.o
       232          0          0          0          0        296   sqrt.o

    ----------------------------------------------------------------------
      6116        554        240          0         96       4900   Library Totals
        22          0          0          0          0          0   (incl. Padding)

    ----------------------------------------------------------------------

      Code (inc. data)   RO Data    RW Data    ZI Data      Debug   Library Name

       300         20          0          0         96        744   c_w.l
      3082        248          0          0          0       2636   fz_wm.l
      2712        286        240          0          0       1520   m_wm.l

    ----------------------------------------------------------------------
      6116        554        240          0         96       4900   Library Totals

    ----------------------------------------------------------------------

==============================================================================


      Code (inc. data)   RO Data    RW Data    ZI Data      Debug   

     27688       1500        664        284       5604     634362   Grand Totals
     27688       1500        664        284       5604     634362   ELF Image Totals
     27688       1500        664        284          0          0   ROM Totals

==============================================================================

    Total RO  Size (Code + RO Data)                28352 (  27.69kB)
    Total RW  Size (RW Data + ZI Data)              5888 (   5.75kB)
    Total ROM Size (Code + RO Data + RW Data)      28636 (  27.96kB)

==============================================================================

